Archive member included to satisfy reference by file (symbol)

c:/st/stm32cubeide_1.7.0/stm32cubeide/plugins/com.st.stm32cube.ide.mcu.externaltools.gnu-tools-for-stm32.9-2020-q2-update.win32_2.0.0.202105311346/tools/bin/../lib/gcc/arm-none-eabi/9.3.1/../../../../arm-none-eabi/lib/thumb/v7e-m+fp/hard\libc_nano.a(lib_a-errno.o)
                              ./Core/Src/syscalls.o (__errno)
c:/st/stm32cubeide_1.7.0/stm32cubeide/plugins/com.st.stm32cube.ide.mcu.externaltools.gnu-tools-for-stm32.9-2020-q2-update.win32_2.0.0.202105311346/tools/bin/../lib/gcc/arm-none-eabi/9.3.1/../../../../arm-none-eabi/lib/thumb/v7e-m+fp/hard\libc_nano.a(lib_a-exit.o)
                              c:/st/stm32cubeide_1.7.0/stm32cubeide/plugins/com.st.stm32cube.ide.mcu.externaltools.gnu-tools-for-stm32.9-2020-q2-update.win32_2.0.0.202105311346/tools/bin/../lib/gcc/arm-none-eabi/9.3.1/../../../../arm-none-eabi/lib/thumb/v7e-m+fp/hard/crt0.o (exit)
c:/st/stm32cubeide_1.7.0/stm32cubeide/plugins/com.st.stm32cube.ide.mcu.externaltools.gnu-tools-for-stm32.9-2020-q2-update.win32_2.0.0.202105311346/tools/bin/../lib/gcc/arm-none-eabi/9.3.1/../../../../arm-none-eabi/lib/thumb/v7e-m+fp/hard\libc_nano.a(lib_a-impure.o)
                              c:/st/stm32cubeide_1.7.0/stm32cubeide/plugins/com.st.stm32cube.ide.mcu.externaltools.gnu-tools-for-stm32.9-2020-q2-update.win32_2.0.0.202105311346/tools/bin/../lib/gcc/arm-none-eabi/9.3.1/../../../../arm-none-eabi/lib/thumb/v7e-m+fp/hard\libc_nano.a(lib_a-exit.o) (_global_impure_ptr)
c:/st/stm32cubeide_1.7.0/stm32cubeide/plugins/com.st.stm32cube.ide.mcu.externaltools.gnu-tools-for-stm32.9-2020-q2-update.win32_2.0.0.202105311346/tools/bin/../lib/gcc/arm-none-eabi/9.3.1/../../../../arm-none-eabi/lib/thumb/v7e-m+fp/hard\libc_nano.a(lib_a-init.o)
                              c:/st/stm32cubeide_1.7.0/stm32cubeide/plugins/com.st.stm32cube.ide.mcu.externaltools.gnu-tools-for-stm32.9-2020-q2-update.win32_2.0.0.202105311346/tools/bin/../lib/gcc/arm-none-eabi/9.3.1/../../../../arm-none-eabi/lib/thumb/v7e-m+fp/hard/crt0.o (__libc_init_array)
c:/st/stm32cubeide_1.7.0/stm32cubeide/plugins/com.st.stm32cube.ide.mcu.externaltools.gnu-tools-for-stm32.9-2020-q2-update.win32_2.0.0.202105311346/tools/bin/../lib/gcc/arm-none-eabi/9.3.1/../../../../arm-none-eabi/lib/thumb/v7e-m+fp/hard\libc_nano.a(lib_a-memset.o)
                              c:/st/stm32cubeide_1.7.0/stm32cubeide/plugins/com.st.stm32cube.ide.mcu.externaltools.gnu-tools-for-stm32.9-2020-q2-update.win32_2.0.0.202105311346/tools/bin/../lib/gcc/arm-none-eabi/9.3.1/../../../../arm-none-eabi/lib/thumb/v7e-m+fp/hard/crt0.o (memset)
c:/st/stm32cubeide_1.7.0/stm32cubeide/plugins/com.st.stm32cube.ide.mcu.externaltools.gnu-tools-for-stm32.9-2020-q2-update.win32_2.0.0.202105311346/tools/bin/../lib/gcc/arm-none-eabi/9.3.1/../../../../arm-none-eabi/lib/thumb/v7e-m+fp/hard\libc_nano.a(lib_a-printf.o)
                              ./Core/Src/Application/loopback.o (printf)
c:/st/stm32cubeide_1.7.0/stm32cubeide/plugins/com.st.stm32cube.ide.mcu.externaltools.gnu-tools-for-stm32.9-2020-q2-update.win32_2.0.0.202105311346/tools/bin/../lib/gcc/arm-none-eabi/9.3.1/../../../../arm-none-eabi/lib/thumb/v7e-m+fp/hard\libc_nano.a(lib_a-puts.o)
                              ./Core/Src/Ethernet/w5500_spi.o (puts)
c:/st/stm32cubeide_1.7.0/stm32cubeide/plugins/com.st.stm32cube.ide.mcu.externaltools.gnu-tools-for-stm32.9-2020-q2-update.win32_2.0.0.202105311346/tools/bin/../lib/gcc/arm-none-eabi/9.3.1/../../../../arm-none-eabi/lib/thumb/v7e-m+fp/hard\libc_nano.a(lib_a-setbuf.o)
                              ./Core/Src/main.o (setbuf)
c:/st/stm32cubeide_1.7.0/stm32cubeide/plugins/com.st.stm32cube.ide.mcu.externaltools.gnu-tools-for-stm32.9-2020-q2-update.win32_2.0.0.202105311346/tools/bin/../lib/gcc/arm-none-eabi/9.3.1/../../../../arm-none-eabi/lib/thumb/v7e-m+fp/hard\libc_nano.a(lib_a-setvbuf.o)
                              c:/st/stm32cubeide_1.7.0/stm32cubeide/plugins/com.st.stm32cube.ide.mcu.externaltools.gnu-tools-for-stm32.9-2020-q2-update.win32_2.0.0.202105311346/tools/bin/../lib/gcc/arm-none-eabi/9.3.1/../../../../arm-none-eabi/lib/thumb/v7e-m+fp/hard\libc_nano.a(lib_a-setbuf.o) (setvbuf)
c:/st/stm32cubeide_1.7.0/stm32cubeide/plugins/com.st.stm32cube.ide.mcu.externaltools.gnu-tools-for-stm32.9-2020-q2-update.win32_2.0.0.202105311346/tools/bin/../lib/gcc/arm-none-eabi/9.3.1/../../../../arm-none-eabi/lib/thumb/v7e-m+fp/hard\libc_nano.a(lib_a-strlen.o)
                              ./Core/Src/main.o (strlen)
c:/st/stm32cubeide_1.7.0/stm32cubeide/plugins/com.st.stm32cube.ide.mcu.externaltools.gnu-tools-for-stm32.9-2020-q2-update.win32_2.0.0.202105311346/tools/bin/../lib/gcc/arm-none-eabi/9.3.1/../../../../arm-none-eabi/lib/thumb/v7e-m+fp/hard\libc_nano.a(lib_a-wbuf.o)
[...]
Memory Configuration

Name             Origin             Length             Attributes
RAM              0x0000000020000000 0x0000000000040000 xrw
FLASH            0x0000000008000000 0x0000000000100000 xr
*default*        0x0000000000000000 0xffffffffffffffff

Linker script and memory map

LOAD c:/st/stm32cubeide_1.7.0/stm32cubeide/plugins/com.st.stm32cube.ide.mcu.externaltools.gnu-tools-for-stm32.9-2020-q2-update.win32_2.0.0.202105311346/tools/bin/../lib/gcc/arm-none-eabi/9.3.1/thumb/v7e-m+fp/hard/crti.o
LOAD c:/st/stm32cubeide_1.7.0/stm32cubeide/plugins/com.st.stm32cube.ide.mcu.externaltools.gnu-tools-for-stm32.9-2020-q2-update.win32_2.0.0.202105311346/tools/bin/../lib/gcc/arm-none-eabi/9.3.1/thumb/v7e-m+fp/hard/crtbegin.o
LOAD c:/st/stm32cubeide_1.7.0/stm32cubeide/plugins/com.st.stm32cube.ide.mcu.externaltools.gnu-tools-for-stm32.9-2020-q2-update.win32_2.0.0.202105311346/tools/bin/../lib/gcc/arm-none-eabi/9.3.1/../../../../arm-none-eabi/lib/thumb/v7e-m+fp/hard/crt0.o
LOAD ./Core/Src/Application/loopback.o
LOAD ./Core/Src/Ethernet/socket.o
LOAD ./Core/Src/Ethernet/w5500.o
LOAD ./Core/Src/Ethernet/w5500_spi.o
LOAD ./Core/Src/Ethernet/wizchip_conf.o
LOAD ./Core/Src/main.o
LOAD ./Core/Src/stm32f4xx_hal_msp.o
LOAD ./Core/Src/stm32f4xx_it.o
LOAD ./Core/Src/syscalls.o
LOAD ./Core/Src/sysmem.o
LOAD ./Core/Src/system_stm32f4xx.o
LOAD ./Core/Startup/startup_stm32f412cgux.o
LOAD ./Drivers/STM32F4xx_HAL_Driver/Src/stm32f4xx_hal.o
LOAD ./Drivers/STM32F4xx_HAL_Driver/Src/stm32f4xx_hal_cortex.o
LOAD ./Drivers/STM32F4xx_HAL_Driver/Src/stm32f4xx_hal_dma.o
LOAD ./Drivers/STM32F4xx_HAL_Driver/Src/stm32f4xx_hal_dma_ex.o
LOAD ./Drivers/STM32F4xx_HAL_Driver/Src/stm32f4xx_hal_exti.o
LOAD ./Drivers/STM32F4xx_HAL_Driver/Src/stm32f4xx_hal_flash.o
LOAD ./Drivers/STM32F4xx_HAL_Driver/Src/stm32f4xx_hal_flash_ex.o
LOAD ./Drivers/STM32F4xx_HAL_Driver/Src/stm32f4xx_hal_flash_ramfunc.o
LOAD ./Drivers/STM32F4xx_HAL_Driver/Src/stm32f4xx_hal_gpio.o
LOAD ./Drivers/STM32F4xx_HAL_Driver/Src/stm32f4xx_hal_pwr.o
LOAD ./Drivers/STM32F4xx_HAL_Driver/Src/stm32f4xx_hal_pwr_ex.o
LOAD ./Drivers/STM32F4xx_HAL_Driver/Src/stm32f4xx_hal_rcc.o
LOAD ./Drivers/STM32F4xx_HAL_Driver/Src/stm32f4xx_hal_rcc_ex.o
LOAD ./Drivers/STM32F4xx_HAL_Driver/Src/stm32f4xx_hal_spi.o
LOAD ./Drivers/STM32F4xx_HAL_Driver/Src/stm32f4xx_hal_tim.o
LOAD ./Drivers/STM32F4xx_HAL_Driver/Src/stm32f4xx_hal_tim_ex.o
START GROUP
LOAD c:/st/stm32cubeide_1.7.0/stm32cubeide/plugins/com.st.stm32cube.ide.mcu.externaltools.gnu-tools-for-stm32.9-2020-q2-update.win32_2.0.0.202105311346/tools/bin/../lib/gcc/arm-none-eabi/9.3.1/../../../../arm-none-eabi/lib/thumb/v7e-m+fp/hard\libc_nano.a
LOAD c:/st/stm32cubeide_1.7.0/stm32cubeide/plugins/com.st.stm32cube.ide.mcu.externaltools.gnu-tools-for-stm32.9-2020-q2-update.win32_2.0.0.202105311346/tools/bin/../lib/gcc/arm-none-eabi/9.3.1/../../../../arm-none-eabi/lib/thumb/v7e-m+fp/hard\libm.a
END GROUP
START GROUP
LOAD c:/st/stm32cubeide_1.7.0/stm32cubeide/plugins/com.st.stm32cube.ide.mcu.externaltools.gnu-tools-for-stm32.9-2020-q2-update.win32_2.0.0.202105311346/tools/bin/../lib/gcc/arm-none-eabi/9.3.1/thumb/v7e-m+fp/hard\libgcc.a
LOAD c:/st/stm32cubeide_1.7.0/stm32cubeide/plugins/com.st.stm32cube.ide.mcu.externaltools.gnu-tools-for-stm32.9-2020-q2-update.win32_2.0.0.202105311346/tools/bin/../lib/gcc/arm-none-eabi/9.3.1/../../../../arm-none-eabi/lib/thumb/v7e-m+fp/hard\libc_nano.a
END GROUP
START GROUP
LOAD c:/st/stm32cubeide_1.7.0/stm32cubeide/plugins/com.st.stm32cube.ide.mcu.externaltools.gnu-tools-for-stm32.9-2020-q2-update.win32_2.0.0.202105311346/tools/bin/../lib/gcc/arm-none-eabi/9.3.1/thumb/v7e-m+fp/hard\libgcc.a
LOAD c:/st/stm32cubeide_1.7.0/stm32cubeide/plugins/com.st.stm32cube.ide.mcu.externaltools.gnu-tools-for-stm32.9-2020-q2-update.win32_2.0.0.202105311346/tools/bin/../lib/gcc/arm-none-eabi/9.3.1/../../../../arm-none-eabi/lib/thumb/v7e-m+fp/hard\libc_nano.a
LOAD c:/st/stm32cubeide_1.7.0/stm32cubeide/plugins/com.st.stm32cube.ide.mcu.externaltools.gnu-tools-for-stm32.9-2020-q2-update.win32_2.0.0.202105311346/tools/bin/../lib/gcc/arm-none-eabi/9.3.1/../../../../arm-none-eabi/lib/thumb/v7e-m+fp/hard\libnosys.a
END GROUP
START GROUP
LOAD c:/st/stm32cubeide_1.7.0/stm32cubeide/plugins/com.st.stm32cube.ide.mcu.externaltools.gnu-tools-for-stm32.9-2020-q2-update.win32_2.0.0.202105311346/tools/bin/../lib/gcc/arm-none-eabi/9.3.1/thumb/v7e-m+fp/hard\libgcc.a
LOAD c:/st/stm32cubeide_1.7.0/stm32cubeide/plugins/com.st.stm32cube.ide.mcu.externaltools.gnu-tools-for-stm32.9-2020-q2-update.win32_2.0.0.202105311346/tools/bin/../lib/gcc/arm-none-eabi/9.3.1/../../../../arm-none-eabi/lib/thumb/v7e-m+fp/hard\libc_nano.a
LOAD c:/st/stm32cubeide_1.7.0/stm32cubeide/plugins/com.st.stm32cube.ide.mcu.externaltools.gnu-tools-for-stm32.9-2020-q2-update.win32_2.0.0.202105311346/tools/bin/../lib/gcc/arm-none-eabi/9.3.1/../../../../arm-none-eabi/lib/thumb/v7e-m+fp/hard\libnosys.a
END GROUP
LOAD c:/st/stm32cubeide_1.7.0/stm32cubeide/plugins/com.st.stm32cube.ide.mcu.externaltools.gnu-tools-for-stm32.9-2020-q2-update.win32_2.0.0.202105311346/tools/bin/../lib/gcc/arm-none-eabi/9.3.1/thumb/v7e-m+fp/hard/crtend.o
LOAD c:/st/stm32cubeide_1.7.0/stm32cubeide/plugins/com.st.stm32cube.ide.mcu.externaltools.gnu-tools-for-stm32.9-2020-q2-update.win32_2.0.0.202105311346/tools/bin/../lib/gcc/arm-none-eabi/9.3.1/thumb/v7e-m+fp/hard/crtn.o
                0x0000000020040000                _estack = (ORIGIN (RAM) + LENGTH (RAM))
                0x0000000000000200                _Min_Heap_Size = 0x200
                0x0000000000000400                _Min_Stack_Size = 0x400

.isr_vector     0x0000000008000000      0x1c4
                0x0000000008000000                . = ALIGN (0x4)
 *(.isr_vector)
 .isr_vector    0x0000000008000000      0x1c4 ./Core/Startup/startup_stm32f412cgux.o
                0x0000000008000000                g_pfnVectors
                0x00000000080001c4                . = ALIGN (0x4)

.text           0x00000000080001d0     0x43d8
                0x00000000080001d0                . = ALIGN (0x4)
 *(.text)
 .text          0x00000000080001d0       0x40 c:/st/stm32cubeide_1.7.0/stm32cubeide/plugins/com.st.stm32cube.ide.mcu.externaltools.gnu-tools-for-stm32.9-2020-q2-update.win32_2.0.0.202105311346/tools/bin/../lib/gcc/arm-none-eabi/9.3.1/thumb/v7e-m+fp/hard/crtbegin.o
 .text          0x0000000008000210       0x10 c:/st/stm32cubeide_1.7.0/stm32cubeide/plugins/com.st.stm32cube.ide.mcu.externaltools.gnu-tools-for-stm32.9-2020-q2-update.win32_2.0.0.202105311346/tools/bin/../lib/gcc/arm-none-eabi/9.3.1/../../../../arm-none-eabi/lib/thumb/v7e-m+fp/hard\libc_nano.a(lib_a-strlen.o)
                0x0000000008000210                strlen
 .text          0x0000000008000220       0xa0 c:/st/stm32cubeide_1.7.0/stm32cubeide/plugins/com.st.stm32cube.ide.mcu.externaltools.gnu-tools-for-stm32.9-2020-q2-update.win32_2.0.0.202105311346/tools/bin/../lib/gcc/arm-none-eabi/9.3.1/../../../../arm-none-eabi/lib/thumb/v7e-m+fp/hard\libc_nano.a(lib_a-memchr.o)
                0x0000000008000220                memchr
 .text          0x00000000080002c0       0x30 c:/st/stm32cubeide_1.7.0/stm32cubeide/plugins/com.st.stm32cube.ide.mcu.externaltools.gnu-tools-for-stm32.9-2020-q2-update.win32_2.0.0.202105311346/tools/bin/../lib/gcc/arm-none-eabi/9.3.1/thumb/v7e-m+fp/hard\libgcc.a(_aeabi_uldivmod.o)
                0x00000000080002c0                __aeabi_uldivmod
 .text          0x00000000080002f0      0x2c4 c:/st/stm32cubeide_1.7.0/stm32cubeide/plugins/com.st.stm32cube.ide.mcu.externaltools.gnu-tools-for-stm32.9-2020-q2-update.win32_2.0.0.202105311346/tools/bin/../lib/gcc/arm-none-eabi/9.3.1/thumb/v7e-m+fp/hard\libgcc.a(_udivmoddi4.o)
                0x00000000080002f0                __udivmoddi4
 .text          0x00000000080005b4        0x4 c:/st/stm32cubeide_1.7.0/stm32cubeide/plugins/com.st.stm32cube.ide.mcu.externaltools.gnu-tools-for-stm32.9-2020-q2-update.win32_2.0.0.202105311346/tools/bin/../lib/gcc/arm-none-eabi/9.3.1/thumb/v7e-m+fp/hard\libgcc.a(_dvmd_tls.o)
                0x00000000080005b4                __aeabi_idiv0
                0x00000000080005b4                __aeabi_ldiv0
 *(.text*)
 .text.socket   0x00000000080005b8      0x22c ./Core/Src/Ethernet/socket.o
                0x00000000080005b8                socket
 .text.close    0x00000000080007e4       0xdc ./Core/Src/Ethernet/socket.o
                0x00000000080007e4                close
 .text.connect  0x00000000080008c0      0x1b8 ./Core/Src/Ethernet/socket.o
                0x00000000080008c0                connect
 .text.send     0x0000000008000a78      0x1f4 ./Core/Src/Ethernet/socket.o
                0x0000000008000a78                send
 .text.WIZCHIP_READ
                0x0000000008000c6c       0x98 ./Core/Src/Ethernet/w5500.o
                0x0000000008000c6c                WIZCHIP_READ
 .text.WIZCHIP_WRITE
                0x0000000008000d04       0x9c ./Core/Src/Ethernet/w5500.o
                0x0000000008000d04                WIZCHIP_WRITE
 .text.WIZCHIP_READ_BUF
                0x0000000008000da0       0xc0 ./Core/Src/Ethernet/w5500.o
                0x0000000008000da0                WIZCHIP_READ_BUF
 .text.WIZCHIP_WRITE_BUF
                0x0000000008000e60       0xc0 ./Core/Src/Ethernet/w5500.o
                0x0000000008000e60                WIZCHIP_WRITE_BUF
 .text.getSn_TX_FSR
                0x0000000008000f20       0x96 ./Core/Src/Ethernet/w5500.o
                0x0000000008000f20                getSn_TX_FSR
 .text.wiz_send_data
                0x0000000008000fb6       0xb8 ./Core/Src/Ethernet/w5500.o
                0x0000000008000fb6                wiz_send_data
 *fill*         0x000000000800106e        0x2 
 .text.SPIReadWrite
                0x0000000008001070       0x50 ./Core/Src/Ethernet/w5500_spi.o
                0x0000000008001070                SPIReadWrite
 .text.wizchip_select
                0x00000000080010c0       0x18 ./Core/Src/Ethernet/w5500_spi.o
                0x00000000080010c0                wizchip_select
 .text.wizchip_deselect
                0x00000000080010d8       0x18 ./Core/Src/Ethernet/w5500_spi.o
                0x00000000080010d8                wizchip_deselect
 .text.wizchip_read
                0x00000000080010f0       0x1a ./Core/Src/Ethernet/w5500_spi.o
                0x00000000080010f0                wizchip_read
 .text.wizchip_write
                0x000000000800110a       0x1a ./Core/Src/Ethernet/w5500_spi.o
                0x000000000800110a                wizchip_write
 .text.wizchip_readburst
                0x0000000008001124       0x3e ./Core/Src/Ethernet/w5500_spi.o
                0x0000000008001124                wizchip_readburst
 .text.wizchip_writeburst
                0x0000000008001162       0x3a ./Core/Src/Ethernet/w5500_spi.o
                0x0000000008001162                wizchip_writeburst
 .text.W5500IOInit
                0x000000000800119c       0x5c ./Core/Src/Ethernet/w5500_spi.o
                0x000000000800119c                W5500IOInit
 .text.W5500Init
                0x00000000080011f8       0xb0 ./Core/Src/Ethernet/w5500_spi.o
                0x00000000080011f8                W5500Init
 .text.wizchip_cris_enter
                0x00000000080012a8        0xe ./Core/Src/Ethernet/wizchip_conf.o
                0x00000000080012a8                wizchip_cris_enter
 .text.wizchip_cris_exit
                0x00000000080012b6        0xe ./Core/Src/Ethernet/wizchip_conf.o
                0x00000000080012b6                wizchip_cris_exit
 .text.wizchip_cs_select
                0x00000000080012c4        0xe ./Core/Src/Ethernet/wizchip_conf.o
                0x00000000080012c4                wizchip_cs_select
 .text.wizchip_cs_deselect
                0x00000000080012d2        0xe ./Core/Src/Ethernet/wizchip_conf.o
                0x00000000080012d2                wizchip_cs_deselect
 .text.wizchip_bus_readdata
                0x00000000080012e0       0x1a ./Core/Src/Ethernet/wizchip_conf.o
                0x00000000080012e0                wizchip_bus_readdata
 .text.wizchip_bus_writedata
                0x00000000080012fa       0x1e ./Core/Src/Ethernet/wizchip_conf.o
                0x00000000080012fa                wizchip_bus_writedata
 .text.wizchip_spi_readbyte
                0x0000000008001318       0x10 ./Core/Src/Ethernet/wizchip_conf.o
                0x0000000008001318                wizchip_spi_readbyte
 .text.wizchip_spi_writebyte
                0x0000000008001328       0x16 ./Core/Src/Ethernet/wizchip_conf.o
                0x0000000008001328                wizchip_spi_writebyte
 .text.wizchip_spi_readburst
                0x000000000800133e       0x18 ./Core/Src/Ethernet/wizchip_conf.o
                0x000000000800133e                wizchip_spi_readburst
 .text.wizchip_spi_writeburst
                0x0000000008001356       0x18 ./Core/Src/Ethernet/wizchip_conf.o
                0x0000000008001356                wizchip_spi_writeburst
 *fill*         0x000000000800136e        0x2 
 .text.reg_wizchip_cs_cbfunc
                0x0000000008001370       0x4c ./Core/Src/Ethernet/wizchip_conf.o
                0x0000000008001370                reg_wizchip_cs_cbfunc
 .text.reg_wizchip_spi_cbfunc
                0x00000000080013bc       0x58 ./Core/Src/Ethernet/wizchip_conf.o
                0x00000000080013bc                reg_wizchip_spi_cbfunc
 .text.reg_wizchip_spiburst_cbfunc
                0x0000000008001414       0x58 ./Core/Src/Ethernet/wizchip_conf.o
                0x0000000008001414                reg_wizchip_spiburst_cbfunc
 .text.ctlwizchip
                0x000000000800146c      0x1c4 ./Core/Src/Ethernet/wizchip_conf.o
                0x000000000800146c                ctlwizchip
 .text.ctlnetwork
                0x0000000008001630       0x7c ./Core/Src/Ethernet/wizchip_conf.o
                0x0000000008001630                ctlnetwork
 .text.wizchip_sw_reset
                0x00000000080016ac       0x98 ./Core/Src/Ethernet/wizchip_conf.o
                0x00000000080016ac                wizchip_sw_reset
 .text.wizchip_init
                0x0000000008001744      0x118 ./Core/Src/Ethernet/wizchip_conf.o
                0x0000000008001744                wizchip_init
 .text.wizchip_clrinterrupt
                0x000000000800185c       0x68 ./Core/Src/Ethernet/wizchip_conf.o
                0x000000000800185c                wizchip_clrinterrupt
 .text.wizchip_getinterrupt
                0x00000000080018c4       0x4a ./Core/Src/Ethernet/wizchip_conf.o
                0x00000000080018c4                wizchip_getinterrupt
 .text.wizchip_setinterruptmask
                0x000000000800190e       0x36 ./Core/Src/Ethernet/wizchip_conf.o
                0x000000000800190e                wizchip_setinterruptmask
 .text.wizchip_getinterruptmask
                0x0000000008001944       0x46 ./Core/Src/Ethernet/wizchip_conf.o
                0x0000000008001944                wizchip_getinterruptmask
 .text.wizphy_getphylink
                0x000000000800198a       0x2c ./Core/Src/Ethernet/wizchip_conf.o
                0x000000000800198a                wizphy_getphylink
 .text.wizphy_getphypmode
                0x00000000080019b6       0x32 ./Core/Src/Ethernet/wizchip_conf.o
                0x00000000080019b6                wizphy_getphypmode
 .text.wizphy_reset
                0x00000000080019e8       0x4e ./Core/Src/Ethernet/wizchip_conf.o
                0x00000000080019e8                wizphy_reset
 .text.wizphy_setphyconf
                0x0000000008001a36       0x84 ./Core/Src/Ethernet/wizchip_conf.o
                0x0000000008001a36                wizphy_setphyconf
 .text.wizphy_getphyconf
                0x0000000008001aba       0xd2 ./Core/Src/Ethernet/wizchip_conf.o
                0x0000000008001aba                wizphy_getphyconf
 .text.wizphy_setphypmode
                0x0000000008001b8c       0x94 ./Core/Src/Ethernet/wizchip_conf.o
                0x0000000008001b8c                wizphy_setphypmode
 .text.wizchip_setnetinfo
                0x0000000008001c20       0x80 ./Core/Src/Ethernet/wizchip_conf.o
                0x0000000008001c20                wizchip_setnetinfo
 .text.wizchip_getnetinfo
                0x0000000008001ca0       0x80 ./Core/Src/Ethernet/wizchip_conf.o
                0x0000000008001ca0                wizchip_getnetinfo
 .text.wizchip_setnetmode
                0x0000000008001d20       0x44 ./Core/Src/Ethernet/wizchip_conf.o
                0x0000000008001d20                wizchip_setnetmode
 .text.wizchip_getnetmode
                0x0000000008001d64       0x10 ./Core/Src/Ethernet/wizchip_conf.o
                0x0000000008001d64                wizchip_getnetmode
 .text.wizchip_settimeout
                0x0000000008001d74       0x42 ./Core/Src/Ethernet/wizchip_conf.o
                0x0000000008001d74                wizchip_settimeout
 .text.wizchip_gettimeout
                0x0000000008001db6       0x44 ./Core/Src/Ethernet/wizchip_conf.o
                0x0000000008001db6                wizchip_gettimeout
 *fill*         0x0000000008001dfa        0x2 
 .text.PHYStatusCheck
                0x0000000008001dfc       0x4c ./Core/Src/main.o
 .text.PrintPHYConf
                0x0000000008001e48       0x88 ./Core/Src/main.o
 .text.main     0x0000000008001ed0      0x11c ./Core/Src/main.o
                0x0000000008001ed0                main
 .text.SystemClock_Config
                0x0000000008001fec       0xd4 ./Core/Src/main.o
                0x0000000008001fec                SystemClock_Config
 .text.MX_SPI1_Init
                0x00000000080020c0       0x6c ./Core/Src/main.o
 .text.Error_Handler
                0x000000000800212c        0xa ./Core/Src/main.o
                0x000000000800212c                Error_Handler
 *fill*         0x0000000008002136        0x2 
 .text.HAL_MspInit
                0x0000000008002138       0x50 ./Core/Src/stm32f4xx_hal_msp.o
                0x0000000008002138                HAL_MspInit
 .text.HAL_SPI_MspInit
                0x0000000008002188       0x90 ./Core/Src/stm32f4xx_hal_msp.o
                0x0000000008002188                HAL_SPI_MspInit
 .text.NMI_Handler
                0x0000000008002218        0x6 ./Core/Src/stm32f4xx_it.o
                0x0000000008002218                NMI_Handler
 .text.HardFault_Handler
                0x000000000800221e        0x6 ./Core/Src/stm32f4xx_it.o
                0x000000000800221e                HardFault_Handler
 .text.MemManage_Handler
                0x0000000008002224        0x6 ./Core/Src/stm32f4xx_it.o
                0x0000000008002224                MemManage_Handler
 .text.BusFault_Handler
                0x000000000800222a        0x6 ./Core/Src/stm32f4xx_it.o
                0x000000000800222a                BusFault_Handler
 .text.UsageFault_Handler
                0x0000000008002230        0x6 ./Core/Src/stm32f4xx_it.o
                0x0000000008002230                UsageFault_Handler
 .text.SVC_Handler
                0x0000000008002236        0xe ./Core/Src/stm32f4xx_it.o
                0x0000000008002236                SVC_Handler
 .text.DebugMon_Handler
                0x0000000008002244        0xe ./Core/Src/stm32f4xx_it.o
                0x0000000008002244                DebugMon_Handler
 .text.PendSV_Handler
                0x0000000008002252        0xe ./Core/Src/stm32f4xx_it.o
                0x0000000008002252                PendSV_Handler
 .text.SysTick_Handler
                0x0000000008002260        0xc ./Core/Src/stm32f4xx_it.o
                0x0000000008002260                SysTick_Handler
 .text._read    0x000000000800226c       0x3a ./Core/Src/syscalls.o
                0x000000000800226c                _read
 .text._write   0x00000000080022a6       0x38 ./Core/Src/syscalls.o
                0x00000000080022a6                _write
 .text._close   0x00000000080022de       0x18 ./Core/Src/syscalls.o
                0x00000000080022de                _close
 .text._fstat   0x00000000080022f6       0x20 ./Core/Src/syscalls.o
                0x00000000080022f6                _fstat
 .text._isatty  0x0000000008002316       0x16 ./Core/Src/syscalls.o
                0x0000000008002316                _isatty
 .text._lseek   0x000000000800232c       0x1a ./Core/Src/syscalls.o
                0x000000000800232c                _lseek
 *fill*         0x0000000008002346        0x2 
 .text._sbrk    0x0000000008002348       0x6c ./Core/Src/sysmem.o
                0x0000000008002348                _sbrk
 .text.SystemInit
                0x00000000080023b4       0x24 ./Core/Src/system_stm32f4xx.o
                0x00000000080023b4                SystemInit
 .text.Reset_Handler
                0x00000000080023d8       0x50 ./Core/Startup/startup_stm32f412cgux.o
                0x00000000080023d8                Reset_Handler
 .text.Default_Handler
                0x0000000008002428        0x2 ./Core/Startup/startup_stm32f412cgux.o
                0x0000000008002428                RTC_Alarm_IRQHandler
                0x0000000008002428                EXTI2_IRQHandler
                0x0000000008002428                TIM8_CC_IRQHandler
                0x0000000008002428                FMPI2C1_EV_IRQHandler
                0x0000000008002428                SPI4_IRQHandler
                0x0000000008002428                TIM1_CC_IRQHandler
                0x0000000008002428                DMA2_Stream5_IRQHandler
                0x0000000008002428                DMA1_Stream5_IRQHandler
                0x0000000008002428                TIM6_IRQHandler
                0x0000000008002428                PVD_IRQHandler
                0x0000000008002428                SDIO_IRQHandler
                0x0000000008002428                TAMP_STAMP_IRQHandler
                0x0000000008002428                CAN2_RX1_IRQHandler
                0x0000000008002428                EXTI3_IRQHandler
                0x0000000008002428                TIM8_TRG_COM_TIM14_IRQHandler
                0x0000000008002428                DFSDM1_FLT1_IRQHandler
                0x0000000008002428                TIM1_UP_TIM10_IRQHandler
                0x0000000008002428                TIM8_UP_TIM13_IRQHandler
                0x0000000008002428                I2C3_ER_IRQHandler
                0x0000000008002428                EXTI0_IRQHandler
                0x0000000008002428                I2C2_EV_IRQHandler
                0x0000000008002428                DMA1_Stream2_IRQHandler
                0x0000000008002428                CAN1_RX0_IRQHandler
                0x0000000008002428                FPU_IRQHandler
                0x0000000008002428                CAN2_SCE_IRQHandler
                0x0000000008002428                DMA2_Stream2_IRQHandler
                0x0000000008002428                SPI1_IRQHandler
                0x0000000008002428                TIM1_BRK_TIM9_IRQHandler
                0x0000000008002428                CAN2_RX0_IRQHandler
                0x0000000008002428                DMA2_Stream3_IRQHandler
                0x0000000008002428                USART6_IRQHandler
                0x0000000008002428                USART3_IRQHandler
                0x0000000008002428                CAN1_RX1_IRQHandler
                0x0000000008002428                DMA2_Stream0_IRQHandler
                0x0000000008002428                TIM4_IRQHandler
                0x0000000008002428                I2C1_EV_IRQHandler
                0x0000000008002428                DMA1_Stream6_IRQHandler
                0x0000000008002428                DMA1_Stream1_IRQHandler
                0x0000000008002428                TIM3_IRQHandler
                0x0000000008002428                RCC_IRQHandler
                0x0000000008002428                TIM8_BRK_TIM12_IRQHandler
                0x0000000008002428                Default_Handler
                0x0000000008002428                EXTI15_10_IRQHandler
                0x0000000008002428                ADC_IRQHandler
                0x0000000008002428                DMA1_Stream7_IRQHandler
                0x0000000008002428                SPI5_IRQHandler
                0x0000000008002428                TIM7_IRQHandler
                0x0000000008002428                CAN2_TX_IRQHandler
                0x0000000008002428                TIM5_IRQHandler
                0x0000000008002428                DMA2_Stream7_IRQHandler
                0x0000000008002428                I2C3_EV_IRQHandler
                0x0000000008002428                EXTI9_5_IRQHandler
                0x0000000008002428                RTC_WKUP_IRQHandler
                0x0000000008002428                SPI2_IRQHandler
                0x0000000008002428                DMA1_Stream0_IRQHandler
                0x0000000008002428                CAN1_TX_IRQHandler
                0x0000000008002428                FMPI2C1_ER_IRQHandler
                0x0000000008002428                EXTI4_IRQHandler
                0x0000000008002428                RNG_IRQHandler
                0x0000000008002428                WWDG_IRQHandler
                0x0000000008002428                TIM2_IRQHandler
                0x0000000008002428                OTG_FS_WKUP_IRQHandler
                0x0000000008002428                TIM1_TRG_COM_TIM11_IRQHandler
                0x0000000008002428                EXTI1_IRQHandler
                0x0000000008002428                USART2_IRQHandler
                0x0000000008002428                DFSDM1_FLT0_IRQHandler
                0x0000000008002428                I2C2_ER_IRQHandler
                0x0000000008002428                DMA2_Stream1_IRQHandler
                0x0000000008002428                CAN1_SCE_IRQHandler
                0x0000000008002428                FLASH_IRQHandler
                0x0000000008002428                DMA2_Stream4_IRQHandler
                0x0000000008002428                USART1_IRQHandler
                0x0000000008002428                OTG_FS_IRQHandler
                0x0000000008002428                SPI3_IRQHandler
                0x0000000008002428                DMA1_Stream4_IRQHandler
                0x0000000008002428                I2C1_ER_IRQHandler
                0x0000000008002428                DMA2_Stream6_IRQHandler
                0x0000000008002428                DMA1_Stream3_IRQHandler
 *fill*         0x000000000800242a        0x2 
 .text.HAL_Init
                0x000000000800242c       0x44 ./Drivers/STM32F4xx_HAL_Driver/Src/stm32f4xx_hal.o
                0x000000000800242c                HAL_Init
 .text.HAL_InitTick
                0x0000000008002470       0x60 ./Drivers/STM32F4xx_HAL_Driver/Src/stm32f4xx_hal.o
                0x0000000008002470                HAL_InitTick
 .text.HAL_IncTick
                0x00000000080024d0       0x28 ./Drivers/STM32F4xx_HAL_Driver/Src/stm32f4xx_hal.o
                0x00000000080024d0                HAL_IncTick
 .text.HAL_GetTick
                0x00000000080024f8       0x18 ./Drivers/STM32F4xx_HAL_Driver/Src/stm32f4xx_hal.o
                0x00000000080024f8                HAL_GetTick
 .text.HAL_Delay
                0x0000000008002510       0x48 ./Drivers/STM32F4xx_HAL_Driver/Src/stm32f4xx_hal.o
                0x0000000008002510                HAL_Delay
 .text.__NVIC_SetPriorityGrouping
                0x0000000008002558       0x48 ./Drivers/STM32F4xx_HAL_Driver/Src/stm32f4xx_hal_cortex.o
 .text.__NVIC_GetPriorityGrouping
                0x00000000080025a0       0x1c ./Drivers/STM32F4xx_HAL_Driver/Src/stm32f4xx_hal_cortex.o
 .text.__NVIC_SetPriority
                0x00000000080025bc       0x54 ./Drivers/STM32F4xx_HAL_Driver/Src/stm32f4xx_hal_cortex.o
 .text.NVIC_EncodePriority
                0x0000000008002610       0x66 ./Drivers/STM32F4xx_HAL_Driver/Src/stm32f4xx_hal_cortex.o
 *fill*         0x0000000008002676        0x2 
 .text.SysTick_Config
                0x0000000008002678       0x44 ./Drivers/STM32F4xx_HAL_Driver/Src/stm32f4xx_hal_cortex.o
 .text.HAL_NVIC_SetPriorityGrouping
                0x00000000080026bc       0x16 ./Drivers/STM32F4xx_HAL_Driver/Src/stm32f4xx_hal_cortex.o
                0x00000000080026bc                HAL_NVIC_SetPriorityGrouping
 .text.HAL_NVIC_SetPriority
                0x00000000080026d2       0x38 ./Drivers/STM32F4xx_HAL_Driver/Src/stm32f4xx_hal_cortex.o
                0x00000000080026d2                HAL_NVIC_SetPriority
 .text.HAL_SYSTICK_Config
                0x000000000800270a       0x18 ./Drivers/STM32F4xx_HAL_Driver/Src/stm32f4xx_hal_cortex.o
                0x000000000800270a                HAL_SYSTICK_Config
 *fill*         0x0000000008002722        0x2 
 .text.HAL_GPIO_Init
                0x0000000008002724      0x2e8 ./Drivers/STM32F4xx_HAL_Driver/Src/stm32f4xx_hal_gpio.o
                0x0000000008002724                HAL_GPIO_Init
 .text.HAL_GPIO_WritePin
                0x0000000008002a0c       0x32 ./Drivers/STM32F4xx_HAL_Driver/Src/stm32f4xx_hal_gpio.o
                0x0000000008002a0c                HAL_GPIO_WritePin
 *fill*         0x0000000008002a3e        0x2 
 .text.HAL_RCC_ClockConfig
                0x0000000008002a40      0x1cc ./Drivers/STM32F4xx_HAL_Driver/Src/stm32f4xx_hal_rcc.o
                0x0000000008002a40                HAL_RCC_ClockConfig
 .text.HAL_RCC_GetSysClockFreq
                0x0000000008002c0c      0x1c0 ./Drivers/STM32F4xx_HAL_Driver/Src/stm32f4xx_hal_rcc.o
                0x0000000008002c0c                HAL_RCC_GetSysClockFreq
 .text.HAL_RCC_OscConfig
                0x0000000008002dcc      0x508 ./Drivers/STM32F4xx_HAL_Driver/Src/stm32f4xx_hal_rcc_ex.o
                0x0000000008002dcc                HAL_RCC_OscConfig
 .text.HAL_SPI_Init
                0x00000000080032d4      0x112 ./Drivers/STM32F4xx_HAL_Driver/Src/stm32f4xx_hal_spi.o
                0x00000000080032d4                HAL_SPI_Init
 *fill*         0x00000000080033e6        0x2 
 .text.__errno  0x00000000080033e8        0xc c:/st/stm32cubeide_1.7.0/stm32cubeide/plugins/com.st.stm32cube.ide.mcu.externaltools.gnu-tools-for-stm32.9-2020-q2-update.win32_2.0.0.202105311346/tools/bin/../lib/gcc/arm-none-eabi/9.3.1/../../../../arm-none-eabi/lib/thumb/v7e-m+fp/hard\libc_nano.a(lib_a-errno.o)
                0x00000000080033e8                __errno
 .text.__libc_init_array
                0x00000000080033f4       0x48 c:/st/stm32cubeide_1.7.0/stm32cubeide/plugins/com.st.stm32cube.ide.mcu.externaltools.gnu-tools-for-stm32.9-2020-q2-update.win32_2.0.0.202105311346/tools/bin/../lib/gcc/arm-none-eabi/9.3.1/../../../../arm-none-eabi/lib/thumb/v7e-m+fp/hard\libc_nano.a(lib_a-init.o)
                0x00000000080033f4                __libc_init_array
 .text.memset   0x000000000800343c       0x10 c:/st/stm32cubeide_1.7.0/stm32cubeide/plugins/com.st.stm32cube.ide.mcu.externaltools.gnu-tools-for-stm32.9-2020-q2-update.win32_2.0.0.202105311346/tools/bin/../lib/gcc/arm-none-eabi/9.3.1/../../../../arm-none-eabi/lib/thumb/v7e-m+fp/hard\libc_nano.a(lib_a-memset.o)
                0x000000000800343c                memset
 .text.printf   0x000000000800344c       0x30 c:/st/stm32cubeide_1.7.0/stm32cubeide/plugins/com.st.stm32cube.ide.mcu.externaltools.gnu-tools-for-stm32.9-2020-q2-update.win32_2.0.0.202105311346/tools/bin/../lib/gcc/arm-none-eabi/9.3.1/../../../../arm-none-eabi/lib/thumb/v7e-m+fp/hard\libc_nano.a(lib_a-printf.o)
                0x000000000800344c                iprintf
                0x000000000800344c                printf
 .text._puts_r  0x000000000800347c       0xdc c:/st/stm32cubeide_1.7.0/stm32cubeide/plugins/com.st.stm32cube.ide.mcu.externaltools.gnu-tools-for-stm32.9-2020-q2-update.win32_2.0.0.202105311346/tools/bin/../lib/gcc/arm-none-eabi/9.3.1/../../../../arm-none-eabi/lib/thumb/v7e-m+fp/hard\libc_nano.a(lib_a-puts.o)
                0x000000000800347c                _puts_r
 .text.puts     0x0000000008003558       0x10 c:/st/stm32cubeide_1.7.0/stm32cubeide/plugins/com.st.stm32cube.ide.mcu.externaltools.gnu-tools-for-stm32.9-2020-q2-update.win32_2.0.0.202105311346/tools/bin/../lib/gcc/arm-none-eabi/9.3.1/../../../../arm-none-eabi/lib/thumb/v7e-m+fp/hard\libc_nano.a(lib_a-puts.o)
                0x0000000008003558                puts
 .text.setbuf   0x0000000008003568       0x10 c:/st/stm32cubeide_1.7.0/stm32cubeide/plugins/com.st.stm32cube.ide.mcu.externaltools.gnu-tools-for-stm32.9-2020-q2-update.win32_2.0.0.202105311346/tools/bin/../lib/gcc/arm-none-eabi/9.3.1/../../../../arm-none-eabi/lib/thumb/v7e-m+fp/hard\libc_nano.a(lib_a-setbuf.o)
                0x0000000008003568                setbuf
 .text.setvbuf  0x0000000008003578      0x18c c:/st/stm32cubeide_1.7.0/stm32cubeide/plugins/com.st.stm32cube.ide.mcu.externaltools.gnu-tools-for-stm32.9-2020-q2-update.win32_2.0.0.202105311346/tools/bin/../lib/gcc/arm-none-eabi/9.3.1/../../../../arm-none-eabi/lib/thumb/v7e-m+fp/hard\libc_nano.a(lib_a-setvbuf.o)
                0x0000000008003578                setvbuf
 .text.__swbuf_r
                0x0000000008003704       0xa4 c:/st/stm32cubeide_1.7.0/stm32cubeide/plugins/com.st.stm32cube.ide.mcu.externaltools.gnu-tools-for-stm32.9-2020-q2-update.win32_2.0.0.202105311346/tools/bin/../lib/gcc/arm-none-eabi/9.3.1/../../../../arm-none-eabi/lib/thumb/v7e-m+fp/hard\libc_nano.a(lib_a-wbuf.o)
                0x0000000008003704                __swbuf_r
 .text.__swsetup_r
                0x00000000080037a8       0xdc c:/st/stm32cubeide_1.7.0/stm32cubeide/plugins/com.st.stm32cube.ide.mcu.externaltools.gnu-tools-for-stm32.9-2020-q2-update.win32_2.0.0.202105311346/tools/bin/../lib/gcc/arm-none-eabi/9.3.1/../../../../arm-none-eabi/lib/thumb/v7e-m+fp/hard\libc_nano.a(lib_a-wsetup.o)
                0x00000000080037a8                __swsetup_r
 .text.__sflush_r
                0x0000000008003884      0x10c c:/st/stm32cubeide_1.7.0/stm32cubeide/plugins/com.st.stm32cube.ide.mcu.externaltools.gnu-tools-for-stm32.9-2020-q2-update.win32_2.0.0.202105311346/tools/bin/../lib/gcc/arm-none-eabi/9.3.1/../../../../arm-none-eabi/lib/thumb/v7e-m+fp/hard\libc_nano.a(lib_a-fflush.o)
                0x0000000008003884                __sflush_r
 .text._fflush_r
                0x0000000008003990       0x78 c:/st/stm32cubeide_1.7.0/stm32cubeide/plugins/com.st.stm32cube.ide.mcu.externaltools.gnu-tools-for-stm32.9-2020-q2-update.win32_2.0.0.202105311346/tools/bin/../lib/gcc/arm-none-eabi/9.3.1/../../../../arm-none-eabi/lib/thumb/v7e-m+fp/hard\libc_nano.a(lib_a-fflush.o)
                0x0000000008003990                _fflush_r
 .text.std      0x0000000008003a08       0x48 c:/st/stm32cubeide_1.7.0/stm32cubeide/plugins/com.st.stm32cube.ide.mcu.externaltools.gnu-tools-for-stm32.9-2020-q2-update.win32_2.0.0.202105311346/tools/bin/../lib/gcc/arm-none-eabi/9.3.1/../../../../arm-none-eabi/lib/thumb/v7e-m+fp/hard\libc_nano.a(lib_a-findfp.o)
 .text._cleanup_r
                0x0000000008003a50        0xc c:/st/stm32cubeide_1.7.0/stm32cubeide/plugins/com.st.stm32cube.ide.mcu.externaltools.gnu-tools-for-stm32.9-2020-q2-update.win32_2.0.0.202105311346/tools/bin/../lib/gcc/arm-none-eabi/9.3.1/../../../../arm-none-eabi/lib/thumb/v7e-m+fp/hard\libc_nano.a(lib_a-findfp.o)
                0x0000000008003a50                _cleanup_r
 .text.__sfmoreglue
                0x0000000008003a5c       0x2c c:/st/stm32cubeide_1.7.0/stm32cubeide/plugins/com.st.stm32cube.ide.mcu.externaltools.gnu-tools-for-stm32.9-2020-q2-update.win32_2.0.0.202105311346/tools/bin/../lib/gcc/arm-none-eabi/9.3.1/../../../../arm-none-eabi/lib/thumb/v7e-m+fp/hard\libc_nano.a(lib_a-findfp.o)
                0x0000000008003a5c                __sfmoreglue
 .text.__sfp_lock_acquire
                0x0000000008003a88        0xc c:/st/stm32cubeide_1.7.0/stm32cubeide/plugins/com.st.stm32cube.ide.mcu.externaltools.gnu-tools-for-stm32.9-2020-q2-update.win32_2.0.0.202105311346/tools/bin/../lib/gcc/arm-none-eabi/9.3.1/../../../../arm-none-eabi/lib/thumb/v7e-m+fp/hard\libc_nano.a(lib_a-findfp.o)
                0x0000000008003a88                __sfp_lock_acquire
 .text.__sfp_lock_release
                0x0000000008003a94        0xc c:/st/stm32cubeide_1.7.0/stm32cubeide/plugins/com.st.stm32cube.ide.mcu.externaltools.gnu-tools-for-stm32.9-2020-q2-update.win32_2.0.0.202105311346/tools/bin/../lib/gcc/arm-none-eabi/9.3.1/../../../../arm-none-eabi/lib/thumb/v7e-m+fp/hard\libc_nano.a(lib_a-findfp.o)
                0x0000000008003a94                __sfp_lock_release
 .text.__sinit_lock_acquire
                0x0000000008003aa0        0xc c:/st/stm32cubeide_1.7.0/stm32cubeide/plugins/com.st.stm32cube.ide.mcu.externaltools.gnu-tools-for-stm32.9-2020-q2-update.win32_2.0.0.202105311346/tools/bin/../lib/gcc/arm-none-eabi/9.3.1/../../../../arm-none-eabi/lib/thumb/v7e-m+fp/hard\libc_nano.a(lib_a-findfp.o)
                0x0000000008003aa0                __sinit_lock_acquire
 .text.__sinit_lock_release
                0x0000000008003aac        0xc c:/st/stm32cubeide_1.7.0/stm32cubeide/plugins/com.st.stm32cube.ide.mcu.externaltools.gnu-tools-for-stm32.9-2020-q2-update.win32_2.0.0.202105311346/tools/bin/../lib/gcc/arm-none-eabi/9.3.1/../../../../arm-none-eabi/lib/thumb/v7e-m+fp/hard\libc_nano.a(lib_a-findfp.o)
                0x0000000008003aac                __sinit_lock_release
 .text.__sinit  0x0000000008003ab8       0x70 c:/st/stm32cubeide_1.7.0/stm32cubeide/plugins/com.st.stm32cube.ide.mcu.externaltools.gnu-tools-for-stm32.9-2020-q2-update.win32_2.0.0.202105311346/tools/bin/../lib/gcc/arm-none-eabi/9.3.1/../../../../arm-none-eabi/lib/thumb/v7e-m+fp/hard\libc_nano.a(lib_a-findfp.o)
                0x0000000008003ab8                __sinit
 .text.__sfp    0x0000000008003b28       0x8c c:/st/stm32cubeide_1.7.0/stm32cubeide/plugins/com.st.stm32cube.ide.mcu.externaltools.gnu-tools-for-stm32.9-2020-q2-update.win32_2.0.0.202105311346/tools/bin/../lib/gcc/arm-none-eabi/9.3.1/../../../../arm-none-eabi/lib/thumb/v7e-m+fp/hard\libc_nano.a(lib_a-findfp.o)
                0x0000000008003b28                __sfp
 .text._fwalk_reent
                0x0000000008003bb4       0x3e c:/st/stm32cubeide_1.7.0/stm32cubeide/plugins/com.st.stm32cube.ide.mcu.externaltools.gnu-tools-for-stm32.9-2020-q2-update.win32_2.0.0.202105311346/tools/bin/../lib/gcc/arm-none-eabi/9.3.1/../../../../arm-none-eabi/lib/thumb/v7e-m+fp/hard\libc_nano.a(lib_a-fwalk.o)
                0x0000000008003bb4                _fwalk_reent
 .text.__retarget_lock_init_recursive
                0x0000000008003bf2        0x2 c:/st/stm32cubeide_1.7.0/stm32cubeide/plugins/com.st.stm32cube.ide.mcu.externaltools.gnu-tools-for-stm32.9-2020-q2-update.win32_2.0.0.202105311346/tools/bin/../lib/gcc/arm-none-eabi/9.3.1/../../../../arm-none-eabi/lib/thumb/v7e-m+fp/hard\libc_nano.a(lib_a-lock.o)
                0x0000000008003bf2                __retarget_lock_init_recursive
 .text.__retarget_lock_acquire_recursive
                0x0000000008003bf4        0x2 c:/st/stm32cubeide_1.7.0/stm32cubeide/plugins/com.st.stm32cube.ide.mcu.externaltools.gnu-tools-for-stm32.9-2020-q2-update.win32_2.0.0.202105311346/tools/bin/../lib/gcc/arm-none-eabi/9.3.1/../../../../arm-none-eabi/lib/thumb/v7e-m+fp/hard\libc_nano.a(lib_a-lock.o)
                0x0000000008003bf4                __retarget_lock_acquire_recursive
 .text.__retarget_lock_release_recursive
                0x0000000008003bf6        0x2 c:/st/stm32cubeide_1.7.0/stm32cubeide/plugins/com.st.stm32cube.ide.mcu.externaltools.gnu-tools-for-stm32.9-2020-q2-update.win32_2.0.0.202105311346/tools/bin/../lib/gcc/arm-none-eabi/9.3.1/../../../../arm-none-eabi/lib/thumb/v7e-m+fp/hard\libc_nano.a(lib_a-lock.o)
                0x0000000008003bf6                __retarget_lock_release_recursive
 .text.__swhatbuf_r
                0x0000000008003bf8       0x48 c:/st/stm32cubeide_1.7.0/stm32cubeide/plugins/com.st.stm32cube.ide.mcu.externaltools.gnu-tools-for-stm32.9-2020-q2-update.win32_2.0.0.202105311346/tools/bin/../lib/gcc/arm-none-eabi/9.3.1/../../../../arm-none-eabi/lib/thumb/v7e-m+fp/hard\libc_nano.a(lib_a-makebuf.o)
                0x0000000008003bf8                __swhatbuf_r
 .text.__smakebuf_r
                0x0000000008003c40       0x80 c:/st/stm32cubeide_1.7.0/stm32cubeide/plugins/com.st.stm32cube.ide.mcu.externaltools.gnu-tools-for-stm32.9-2020-q2-update.win32_2.0.0.202105311346/tools/bin/../lib/gcc/arm-none-eabi/9.3.1/../../../../arm-none-eabi/lib/thumb/v7e-m+fp/hard\libc_nano.a(lib_a-makebuf.o)
                0x0000000008003c40                __smakebuf_r
 .text.malloc   0x0000000008003cc0       0x10 c:/st/stm32cubeide_1.7.0/stm32cubeide/plugins/com.st.stm32cube.ide.mcu.externaltools.gnu-tools-for-stm32.9-2020-q2-update.win32_2.0.0.202105311346/tools/bin/../lib/gcc/arm-none-eabi/9.3.1/../../../../arm-none-eabi/lib/thumb/v7e-m+fp/hard\libc_nano.a(lib_a-malloc.o)
                0x0000000008003cc0                malloc
 .text._free_r  0x0000000008003cd0       0xa0 c:/st/stm32cubeide_1.7.0/stm32cubeide/plugins/com.st.stm32cube.ide.mcu.externaltools.gnu-tools-for-stm32.9-2020-q2-update.win32_2.0.0.202105311346/tools/bin/../lib/gcc/arm-none-eabi/9.3.1/../../../../arm-none-eabi/lib/thumb/v7e-m+fp/hard\libc_nano.a(lib_a-nano-freer.o)
                0x0000000008003cd0                _free_r
 .text._malloc_r
                0x0000000008003d70       0xb4 c:/st/stm32cubeide_1.7.0/stm32cubeide/plugins/com.st.stm32cube.ide.mcu.externaltools.gnu-tools-for-stm32.9-2020-q2-update.win32_2.0.0.202105311346/tools/bin/../lib/gcc/arm-none-eabi/9.3.1/../../../../arm-none-eabi/lib/thumb/v7e-m+fp/hard\libc_nano.a(lib_a-nano-mallocr.o)
                0x0000000008003d70                _malloc_r
 .text.__sfputc_r
                0x0000000008003e24       0x2e c:/st/stm32cubeide_1.7.0/stm32cubeide/plugins/com.st.stm32cube.ide.mcu.externaltools.gnu-tools-for-stm32.9-2020-q2-update.win32_2.0.0.202105311346/tools/bin/../lib/gcc/arm-none-eabi/9.3.1/../../../../arm-none-eabi/lib/thumb/v7e-m+fp/hard\libc_nano.a(lib_a-nano-vfprintf.o)
 .text.__sfputs_r
                0x0000000008003e52       0x24 c:/st/stm32cubeide_1.7.0/stm32cubeide/plugins/com.st.stm32cube.ide.mcu.externaltools.gnu-tools-for-stm32.9-2020-q2-update.win32_2.0.0.202105311346/tools/bin/../lib/gcc/arm-none-eabi/9.3.1/../../../../arm-none-eabi/lib/thumb/v7e-m+fp/hard\libc_nano.a(lib_a-nano-vfprintf.o)
                0x0000000008003e52                __sfputs_r
 *fill*         0x0000000008003e76        0x2 
 .text._vfprintf_r
                0x0000000008003e78      0x260 c:/st/stm32cubeide_1.7.0/stm32cubeide/plugins/com.st.stm32cube.ide.mcu.externaltools.gnu-tools-for-stm32.9-2020-q2-update.win32_2.0.0.202105311346/tools/bin/../lib/gcc/arm-none-eabi/9.3.1/../../../../arm-none-eabi/lib/thumb/v7e-m+fp/hard\libc_nano.a(lib_a-nano-vfprintf.o)
                0x0000000008003e78                _vfprintf_r
                0x0000000008003e78                _vfiprintf_r
 .text._printf_common
                0x00000000080040d8       0xda c:/st/stm32cubeide_1.7.0/stm32cubeide/plugins/com.st.stm32cube.ide.mcu.externaltools.gnu-tools-for-stm32.9-2020-q2-update.win32_2.0.0.202105311346/tools/bin/../lib/gcc/arm-none-eabi/9.3.1/../../../../arm-none-eabi/lib/thumb/v7e-m+fp/hard\libc_nano.a(lib_a-nano-vfprintf_i.o)
                0x00000000080040d8                _printf_common
 *fill*         0x00000000080041b2        0x2 
 .text._printf_i
                0x00000000080041b4      0x24c c:/st/stm32cubeide_1.7.0/stm32cubeide/plugins/com.st.stm32cube.ide.mcu.externaltools.gnu-tools-for-stm32.9-2020-q2-update.win32_2.0.0.202105311346/tools/bin/../lib/gcc/arm-none-eabi/9.3.1/../../../../arm-none-eabi/lib/thumb/v7e-m+fp/hard\libc_nano.a(lib_a-nano-vfprintf_i.o)
                0x00000000080041b4                _printf_i
 .text._sbrk_r  0x0000000008004400       0x20 c:/st/stm32cubeide_1.7.0/stm32cubeide/plugins/com.st.stm32cube.ide.mcu.externaltools.gnu-tools-for-stm32.9-2020-q2-update.win32_2.0.0.202105311346/tools/bin/../lib/gcc/arm-none-eabi/9.3.1/../../../../arm-none-eabi/lib/thumb/v7e-m+fp/hard\libc_nano.a(lib_a-sbrkr.o)
                0x0000000008004400                _sbrk_r
 .text.__sread  0x0000000008004420       0x22 c:/st/stm32cubeide_1.7.0/stm32cubeide/plugins/com.st.stm32cube.ide.mcu.externaltools.gnu-tools-for-stm32.9-2020-q2-update.win32_2.0.0.202105311346/tools/bin/../lib/gcc/arm-none-eabi/9.3.1/../../../../arm-none-eabi/lib/thumb/v7e-m+fp/hard\libc_nano.a(lib_a-stdio.o)
                0x0000000008004420                __sread
 .text.__swrite
                0x0000000008004442       0x38 c:/st/stm32cubeide_1.7.0/stm32cubeide/plugins/com.st.stm32cube.ide.mcu.externaltools.gnu-tools-for-stm32.9-2020-q2-update.win32_2.0.0.202105311346/tools/bin/../lib/gcc/arm-none-eabi/9.3.1/../../../../arm-none-eabi/lib/thumb/v7e-m+fp/hard\libc_nano.a(lib_a-stdio.o)
                0x0000000008004442                __swrite
 .text.__sseek  0x000000000800447a       0x24 c:/st/stm32cubeide_1.7.0/stm32cubeide/plugins/com.st.stm32cube.ide.mcu.externaltools.gnu-tools-for-stm32.9-2020-q2-update.win32_2.0.0.202105311346/tools/bin/../lib/gcc/arm-none-eabi/9.3.1/../../../../arm-none-eabi/lib/thumb/v7e-m+fp/hard\libc_nano.a(lib_a-stdio.o)
                0x000000000800447a                __sseek
 .text.__sclose
                0x000000000800449e        0x8 c:/st/stm32cubeide_1.7.0/stm32cubeide/plugins/com.st.stm32cube.ide.mcu.externaltools.gnu-tools-for-stm32.9-2020-q2-update.win32_2.0.0.202105311346/tools/bin/../lib/gcc/arm-none-eabi/9.3.1/../../../../arm-none-eabi/lib/thumb/v7e-m+fp/hard\libc_nano.a(lib_a-stdio.o)
                0x000000000800449e                __sclose
 *fill*         0x00000000080044a6        0x2 
 .text._write_r
                0x00000000080044a8       0x24 c:/st/stm32cubeide_1.7.0/stm32cubeide/plugins/com.st.stm32cube.ide.mcu.externaltools.gnu-tools-for-stm32.9-2020-q2-update.win32_2.0.0.202105311346/tools/bin/../lib/gcc/arm-none-eabi/9.3.1/../../../../arm-none-eabi/lib/thumb/v7e-m+fp/hard\libc_nano.a(lib_a-writer.o)
                0x00000000080044a8                _write_r
 .text._close_r
                0x00000000080044cc       0x20 c:/st/stm32cubeide_1.7.0/stm32cubeide/plugins/com.st.stm32cube.ide.mcu.externaltools.gnu-tools-for-stm32.9-2020-q2-update.win32_2.0.0.202105311346/tools/bin/../lib/gcc/arm-none-eabi/9.3.1/../../../../arm-none-eabi/lib/thumb/v7e-m+fp/hard\libc_nano.a(lib_a-closer.o)
                0x00000000080044cc                _close_r
 .text._fstat_r
                0x00000000080044ec       0x24 c:/st/stm32cubeide_1.7.0/stm32cubeide/plugins/com.st.stm32cube.ide.mcu.externaltools.gnu-tools-for-stm32.9-2020-q2-update.win32_2.0.0.202105311346/tools/bin/../lib/gcc/arm-none-eabi/9.3.1/../../../../arm-none-eabi/lib/thumb/v7e-m+fp/hard\libc_nano.a(lib_a-fstatr.o)
                0x00000000080044ec                _fstat_r
 .text._isatty_r
                0x0000000008004510       0x20 c:/st/stm32cubeide_1.7.0/stm32cubeide/plugins/com.st.stm32cube.ide.mcu.externaltools.gnu-tools-for-stm32.9-2020-q2-update.win32_2.0.0.202105311346/tools/bin/../lib/gcc/arm-none-eabi/9.3.1/../../../../arm-none-eabi/lib/thumb/v7e-m+fp/hard\libc_nano.a(lib_a-isattyr.o)
                0x0000000008004510                _isatty_r
 .text._lseek_r
                0x0000000008004530       0x24 c:/st/stm32cubeide_1.7.0/stm32cubeide/plugins/com.st.stm32cube.ide.mcu.externaltools.gnu-tools-for-stm32.9-2020-q2-update.win32_2.0.0.202105311346/tools/bin/../lib/gcc/arm-none-eabi/9.3.1/../../../../arm-none-eabi/lib/thumb/v7e-m+fp/hard\libc_nano.a(lib_a-lseekr.o)
                0x0000000008004530                _lseek_r
 .text.__malloc_lock
                0x0000000008004554        0xc c:/st/stm32cubeide_1.7.0/stm32cubeide/plugins/com.st.stm32cube.ide.mcu.externaltools.gnu-tools-for-stm32.9-2020-q2-update.win32_2.0.0.202105311346/tools/bin/../lib/gcc/arm-none-eabi/9.3.1/../../../../arm-none-eabi/lib/thumb/v7e-m+fp/hard\libc_nano.a(lib_a-mlock.o)
                0x0000000008004554                __malloc_lock
 .text.__malloc_unlock
                0x0000000008004560        0xc c:/st/stm32cubeide_1.7.0/stm32cubeide/plugins/com.st.stm32cube.ide.mcu.externaltools.gnu-tools-for-stm32.9-2020-q2-update.win32_2.0.0.202105311346/tools/bin/../lib/gcc/arm-none-eabi/9.3.1/../../../../arm-none-eabi/lib/thumb/v7e-m+fp/hard\libc_nano.a(lib_a-mlock.o)
                0x0000000008004560                __malloc_unlock
 .text._read_r  0x000000000800456c       0x24 c:/st/stm32cubeide_1.7.0/stm32cubeide/plugins/com.st.stm32cube.ide.mcu.externaltools.gnu-tools-for-stm32.9-2020-q2-update.win32_2.0.0.202105311346/tools/bin/../lib/gcc/arm-none-eabi/9.3.1/../../../../arm-none-eabi/lib/thumb/v7e-m+fp/hard\libc_nano.a(lib_a-readr.o)
                0x000000000800456c                _read_r
 *(.glue_7)
 .glue_7        0x0000000008004590        0x0 linker stubs
 *(.glue_7t)
 .glue_7t       0x0000000008004590        0x0 linker stubs
 *(.eh_frame)
 .eh_frame      0x0000000008004590        0x0 c:/st/stm32cubeide_1.7.0/stm32cubeide/plugins/com.st.stm32cube.ide.mcu.externaltools.gnu-tools-for-stm32.9-2020-q2-update.win32_2.0.0.202105311346/tools/bin/../lib/gcc/arm-none-eabi/9.3.1/thumb/v7e-m+fp/hard/crtbegin.o
 *(.init)
 .init          0x0000000008004590        0x4 c:/st/stm32cubeide_1.7.0/stm32cubeide/plugins/com.st.stm32cube.ide.mcu.externaltools.gnu-tools-for-stm32.9-2020-q2-update.win32_2.0.0.202105311346/tools/bin/../lib/gcc/arm-none-eabi/9.3.1/thumb/v7e-m+fp/hard/crti.o
                0x0000000008004590                _init
 .init          0x0000000008004594        0x8 c:/st/stm32cubeide_1.7.0/stm32cubeide/plugins/com.st.stm32cube.ide.mcu.externaltools.gnu-tools-for-stm32.9-2020-q2-update.win32_2.0.0.202105311346/tools/bin/../lib/gcc/arm-none-eabi/9.3.1/thumb/v7e-m+fp/hard/crtn.o
 *(.fini)
 .fini          0x000000000800459c        0x4 c:/st/stm32cubeide_1.7.0/stm32cubeide/plugins/com.st.stm32cube.ide.mcu.externaltools.gnu-tools-for-stm32.9-2020-q2-update.win32_2.0.0.202105311346/tools/bin/../lib/gcc/arm-none-eabi/9.3.1/thumb/v7e-m+fp/hard/crti.o
                0x000000000800459c                _fini
 .fini          0x00000000080045a0        0x8 c:/st/stm32cubeide_1.7.0/stm32cubeide/plugins/com.st.stm32cube.ide.mcu.externaltools.gnu-tools-for-stm32.9-2020-q2-update.win32_2.0.0.202105311346/tools/bin/../lib/gcc/arm-none-eabi/9.3.1/thumb/v7e-m+fp/hard/crtn.o
                0x00000000080045a8                . = ALIGN (0x4)
                0x00000000080045a8                _etext = .

.vfp11_veneer   0x00000000080045a8        0x0
 .vfp11_veneer  0x00000000080045a8        0x0 linker stubs

.v4_bx          0x00000000080045a8        0x0
 .v4_bx         0x00000000080045a8        0x0 linker stubs

.iplt           0x00000000080045a8        0x0
 .iplt          0x00000000080045a8        0x0 c:/st/stm32cubeide_1.7.0/stm32cubeide/plugins/com.st.stm32cube.ide.mcu.externaltools.gnu-tools-for-stm32.9-2020-q2-update.win32_2.0.0.202105311346/tools/bin/../lib/gcc/arm-none-eabi/9.3.1/thumb/v7e-m+fp/hard/crtbegin.o

.rodata         0x00000000080045a8      0x300
                0x00000000080045a8                . = ALIGN (0x4)
 *(.rodata)
 .rodata        0x00000000080045a8       0x54 ./Core/Src/Ethernet/w5500_spi.o
 .rodata        0x00000000080045fc      0x204 ./Core/Src/main.o
 *(.rodata*)
 .rodata.AHBPrescTable
                0x0000000008004800       0x10 ./Core/Src/system_stm32f4xx.o
                0x0000000008004800                AHBPrescTable
 .rodata._global_impure_ptr
                0x0000000008004810        0x4 c:/st/stm32cubeide_1.7.0/stm32cubeide/plugins/com.st.stm32cube.ide.mcu.externaltools.gnu-tools-for-stm32.9-2020-q2-update.win32_2.0.0.202105311346/tools/bin/../lib/gcc/arm-none-eabi/9.3.1/../../../../arm-none-eabi/lib/thumb/v7e-m+fp/hard\libc_nano.a(lib_a-impure.o)
                0x0000000008004810                _global_impure_ptr
 .rodata.__sf_fake_stderr
                0x0000000008004814       0x20 c:/st/stm32cubeide_1.7.0/stm32cubeide/plugins/com.st.stm32cube.ide.mcu.externaltools.gnu-tools-for-stm32.9-2020-q2-update.win32_2.0.0.202105311346/tools/bin/../lib/gcc/arm-none-eabi/9.3.1/../../../../arm-none-eabi/lib/thumb/v7e-m+fp/hard\libc_nano.a(lib_a-findfp.o)
                0x0000000008004814                __sf_fake_stderr
 .rodata.__sf_fake_stdin
                0x0000000008004834       0x20 c:/st/stm32cubeide_1.7.0/stm32cubeide/plugins/com.st.stm32cube.ide.mcu.externaltools.gnu-tools-for-stm32.9-2020-q2-update.win32_2.0.0.202105311346/tools/bin/../lib/gcc/arm-none-eabi/9.3.1/../../../../arm-none-eabi/lib/thumb/v7e-m+fp/hard\libc_nano.a(lib_a-findfp.o)
                0x0000000008004834                __sf_fake_stdin
 .rodata.__sf_fake_stdout
                0x0000000008004854       0x20 c:/st/stm32cubeide_1.7.0/stm32cubeide/plugins/com.st.stm32cube.ide.mcu.externaltools.gnu-tools-for-stm32.9-2020-q2-update.win32_2.0.0.202105311346/tools/bin/../lib/gcc/arm-none-eabi/9.3.1/../../../../arm-none-eabi/lib/thumb/v7e-m+fp/hard\libc_nano.a(lib_a-findfp.o)
                0x0000000008004854                __sf_fake_stdout
 .rodata._vfprintf_r.str1.1
                0x0000000008004874       0x11 c:/st/stm32cubeide_1.7.0/stm32cubeide/plugins/com.st.stm32cube.ide.mcu.externaltools.gnu-tools-for-stm32.9-2020-q2-update.win32_2.0.0.202105311346/tools/bin/../lib/gcc/arm-none-eabi/9.3.1/../../../../arm-none-eabi/lib/thumb/v7e-m+fp/hard\libc_nano.a(lib_a-nano-vfprintf.o)
 .rodata._printf_i.str1.1
                0x0000000008004885       0x22 c:/st/stm32cubeide_1.7.0/stm32cubeide/plugins/com.st.stm32cube.ide.mcu.externaltools.gnu-tools-for-stm32.9-2020-q2-update.win32_2.0.0.202105311346/tools/bin/../lib/gcc/arm-none-eabi/9.3.1/../../../../arm-none-eabi/lib/thumb/v7e-m+fp/hard\libc_nano.a(lib_a-nano-vfprintf_i.o)
                0x00000000080048a8                . = ALIGN (0x4)
 *fill*         0x00000000080048a7        0x1 

.ARM.extab      0x00000000080048a8        0x0
                0x00000000080048a8                . = ALIGN (0x4)
 *(.ARM.extab* .gnu.linkonce.armextab.*)
                0x00000000080048a8                . = ALIGN (0x4)

.ARM            0x00000000080048a8        0x8
                0x00000000080048a8                . = ALIGN (0x4)
                0x00000000080048a8                __exidx_start = .
 *(.ARM.exidx*)
 .ARM.exidx     0x00000000080048a8        0x8 c:/st/stm32cubeide_1.7.0/stm32cubeide/plugins/com.st.stm32cube.ide.mcu.externaltools.gnu-tools-for-stm32.9-2020-q2-update.win32_2.0.0.202105311346/tools/bin/../lib/gcc/arm-none-eabi/9.3.1/thumb/v7e-m+fp/hard\libgcc.a(_udivmoddi4.o)
                0x00000000080048b0                __exidx_end = .
                0x00000000080048b0                . = ALIGN (0x4)

.rel.dyn        0x00000000080048b0        0x0
 .rel.iplt      0x00000000080048b0        0x0 c:/st/stm32cubeide_1.7.0/stm32cubeide/plugins/com.st.stm32cube.ide.mcu.externaltools.gnu-tools-for-stm32.9-2020-q2-update.win32_2.0.0.202105311346/tools/bin/../lib/gcc/arm-none-eabi/9.3.1/thumb/v7e-m+fp/hard/crtbegin.o

.preinit_array  0x00000000080048b0        0x0
                0x00000000080048b0                . = ALIGN (0x4)
                0x00000000080048b0                PROVIDE (__preinit_array_start = .)
 *(.preinit_array*)
                0x00000000080048b0                PROVIDE (__preinit_array_end = .)
                0x00000000080048b0                . = ALIGN (0x4)

.init_array     0x00000000080048b0        0x4
                0x00000000080048b0                . = ALIGN (0x4)
                0x00000000080048b0                PROVIDE (__init_array_start = .)
 *(SORT_BY_NAME(.init_array.*))
 *(.init_array*)
 .init_array    0x00000000080048b0        0x4 c:/st/stm32cubeide_1.7.0/stm32cubeide/plugins/com.st.stm32cube.ide.mcu.externaltools.gnu-tools-for-stm32.9-2020-q2-update.win32_2.0.0.202105311346/tools/bin/../lib/gcc/arm-none-eabi/9.3.1/thumb/v7e-m+fp/hard/crtbegin.o
                0x00000000080048b4                PROVIDE (__init_array_end = .)
                0x00000000080048b4                . = ALIGN (0x4)

.fini_array     0x00000000080048b4        0x4
                0x00000000080048b4                . = ALIGN (0x4)
                [!provide]                        PROVIDE (__fini_array_start = .)
 *(SORT_BY_NAME(.fini_array.*))
 *(.fini_array*)
 .fini_array    0x00000000080048b4        0x4 c:/st/stm32cubeide_1.7.0/stm32cubeide/plugins/com.st.stm32cube.ide.mcu.externaltools.gnu-tools-for-stm32.9-2020-q2-update.win32_2.0.0.202105311346/tools/bin/../lib/gcc/arm-none-eabi/9.3.1/thumb/v7e-m+fp/hard/crtbegin.o
                [!provide]                        PROVIDE (__fini_array_end = .)
                0x00000000080048b8                . = ALIGN (0x4)
                0x00000000080048b8                _sidata = LOADADDR (.data)

.data           0x0000000020000000       0xc0 load address 0x00000000080048b8
                0x0000000020000000                . = ALIGN (0x4)
                0x0000000020000000                _sdata = .
 *(.data)
 *(.data*)
 .data.sock_any_port
                0x0000000020000000        0x2 ./Core/Src/Ethernet/socket.o
 *fill*         0x0000000020000002        0x2 
 .data.WIZCHIP  0x0000000020000004       0x2c ./Core/Src/Ethernet/wizchip_conf.o
                0x0000000020000004                WIZCHIP
 .data.gWIZNETINFO
                0x0000000020000030       0x17 ./Core/Src/main.o
                0x0000000020000030                gWIZNETINFO
 *fill*         0x0000000020000047        0x1 
 .data.destination_ip
                0x0000000020000048        0x4 ./Core/Src/main.o
                0x0000000020000048                destination_ip
 .data.destination_port
                0x000000002000004c        0x2 ./Core/Src/main.o
                0x000000002000004c                destination_port
 *fill*         0x000000002000004e        0x2 
 .data.SystemCoreClock
                0x0000000020000050        0x4 ./Core/Src/system_stm32f4xx.o
                0x0000000020000050                SystemCoreClock
 .data.uwTickPrio
                0x0000000020000054        0x4 ./Drivers/STM32F4xx_HAL_Driver/Src/stm32f4xx_hal.o
                0x0000000020000054                uwTickPrio
 .data.uwTickFreq
                0x0000000020000058        0x1 ./Drivers/STM32F4xx_HAL_Driver/Src/stm32f4xx_hal.o
                0x0000000020000058                uwTickFreq
 *fill*         0x0000000020000059        0x3 
 .data._impure_ptr
                0x000000002000005c        0x4 c:/st/stm32cubeide_1.7.0/stm32cubeide/plugins/com.st.stm32cube.ide.mcu.externaltools.gnu-tools-for-stm32.9-2020-q2-update.win32_2.0.0.202105311346/tools/bin/../lib/gcc/arm-none-eabi/9.3.1/../../../../arm-none-eabi/lib/thumb/v7e-m+fp/hard\libc_nano.a(lib_a-impure.o)
                0x000000002000005c                _impure_ptr
 .data.impure_data
                0x0000000020000060       0x60 c:/st/stm32cubeide_1.7.0/stm32cubeide/plugins/com.st.stm32cube.ide.mcu.externaltools.gnu-tools-for-stm32.9-2020-q2-update.win32_2.0.0.202105311346/tools/bin/../lib/gcc/arm-none-eabi/9.3.1/../../../../arm-none-eabi/lib/thumb/v7e-m+fp/hard\libc_nano.a(lib_a-impure.o)
 *(.RamFunc)
 *(.RamFunc*)
                0x00000000200000c0                . = ALIGN (0x4)
                0x00000000200000c0                _edata = .

.igot.plt       0x00000000200000c0        0x0 load address 0x0000000008004978
 .igot.plt      0x00000000200000c0        0x0 c:/st/stm32cubeide_1.7.0/stm32cubeide/plugins/com.st.stm32cube.ide.mcu.externaltools.gnu-tools-for-stm32.9-2020-q2-update.win32_2.0.0.202105311346/tools/bin/../lib/gcc/arm-none-eabi/9.3.1/thumb/v7e-m+fp/hard/crtbegin.o
                0x00000000200000c0                . = ALIGN (0x4)

.bss            0x00000000200000c0       0xb8 load address 0x0000000008004978
                0x00000000200000c0                _sbss = .
                0x00000000200000c0                __bss_start__ = _sbss
 *(.bss)
 .bss           0x00000000200000c0       0x1c c:/st/stm32cubeide_1.7.0/stm32cubeide/plugins/com.st.stm32cube.ide.mcu.externaltools.gnu-tools-for-stm32.9-2020-q2-update.win32_2.0.0.202105311346/tools/bin/../lib/gcc/arm-none-eabi/9.3.1/thumb/v7e-m+fp/hard/crtbegin.o
 *(.bss*)
 .bss.sock_io_mode
                0x00000000200000dc        0x2 ./Core/Src/Ethernet/socket.o
 .bss.sock_is_sending
                0x00000000200000de        0x2 ./Core/Src/Ethernet/socket.o
 .bss.sock_remained_size
                0x00000000200000e0       0x10 ./Core/Src/Ethernet/socket.o
 .bss.sock_pack_info
                0x00000000200000f0        0x8 ./Core/Src/Ethernet/socket.o
                0x00000000200000f0                sock_pack_info
 .bss._DNS_     0x00000000200000f8        0x4 ./Core/Src/Ethernet/wizchip_conf.o
 .bss._DHCP_    0x00000000200000fc        0x1 ./Core/Src/Ethernet/wizchip_conf.o
 *fill*         0x00000000200000fd        0x3 
 .bss.__sbrk_heap_end
                0x0000000020000100        0x4 ./Core/Src/sysmem.o
 .bss.__malloc_free_list
                0x0000000020000104        0x4 c:/st/stm32cubeide_1.7.0/stm32cubeide/plugins/com.st.stm32cube.ide.mcu.externaltools.gnu-tools-for-stm32.9-2020-q2-update.win32_2.0.0.202105311346/tools/bin/../lib/gcc/arm-none-eabi/9.3.1/../../../../arm-none-eabi/lib/thumb/v7e-m+fp/hard\libc_nano.a(lib_a-nano-mallocr.o)
                0x0000000020000104                __malloc_free_list
 .bss.__malloc_sbrk_start
                0x0000000020000108        0x4 c:/st/stm32cubeide_1.7.0/stm32cubeide/plugins/com.st.stm32cube.ide.mcu.externaltools.gnu-tools-for-stm32.9-2020-q2-update.win32_2.0.0.202105311346/tools/bin/../lib/gcc/arm-none-eabi/9.3.1/../../../../arm-none-eabi/lib/thumb/v7e-m+fp/hard\libc_nano.a(lib_a-nano-mallocr.o)
                0x0000000020000108                __malloc_sbrk_start
 *(COMMON)
 COMMON         0x000000002000010c       0x58 ./Core/Src/main.o
                0x000000002000010c                hspi1
 COMMON         0x0000000020000164        0x4 ./Drivers/STM32F4xx_HAL_Driver/Src/stm32f4xx_hal.o
                0x0000000020000164                uwTick
 COMMON         0x0000000020000168        0x9 c:/st/stm32cubeide_1.7.0/stm32cubeide/plugins/com.st.stm32cube.ide.mcu.externaltools.gnu-tools-for-stm32.9-2020-q2-update.win32_2.0.0.202105311346/tools/bin/../lib/gcc/arm-none-eabi/9.3.1/../../../../arm-none-eabi/lib/thumb/v7e-m+fp/hard\libc_nano.a(lib_a-lock.o)
                0x0000000020000168                __lock___atexit_recursive_mutex
                0x0000000020000169                __lock___arc4random_mutex
                0x000000002000016a                __lock___env_recursive_mutex
                0x000000002000016b                __lock___sinit_recursive_mutex
                0x000000002000016c                __lock___malloc_recursive_mutex
                0x000000002000016d                __lock___at_quick_exit_mutex
                0x000000002000016e                __lock___dd_hash_mutex
                0x000000002000016f                __lock___tz_mutex
                0x0000000020000170                __lock___sfp_recursive_mutex
 *fill*         0x0000000020000171        0x3 
 COMMON         0x0000000020000174        0x4 c:/st/stm32cubeide_1.7.0/stm32cubeide/plugins/com.st.stm32cube.ide.mcu.externaltools.gnu-tools-for-stm32.9-2020-q2-update.win32_2.0.0.202105311346/tools/bin/../lib/gcc/arm-none-eabi/9.3.1/../../../../arm-none-eabi/lib/thumb/v7e-m+fp/hard\libc_nano.a(lib_a-reent.o)
                0x0000000020000174                errno
                0x0000000020000178                . = ALIGN (0x4)
                0x0000000020000178                _ebss = .
                0x0000000020000178                __bss_end__ = _ebss

._user_heap_stack
                0x0000000020000178      0x600 load address 0x0000000008004978
                0x0000000020000178                . = ALIGN (0x8)
                [!provide]                        PROVIDE (end = .)
                0x0000000020000178                PROVIDE (_end = .)
                0x0000000020000378                . = (. + _Min_Heap_Size)
 *fill*         0x0000000020000178      0x200 
                0x0000000020000778                . = (. + _Min_Stack_Size)
 *fill*         0x0000000020000378      0x400 
                0x0000000020000778                . = ALIGN (0x8)

/DISCARD/
 libc.a(*)
 libm.a(*)
 libgcc.a(*)

.ARM.attributes
                0x0000000000000000       0x30
 *(.ARM.attributes)
 .ARM.attributes
                0x0000000000000000       0x1e c:/st/stm32cubeide_1.7.0/stm32cubeide/plugins/com.st.stm32cube.ide.mcu.externaltools.gnu-tools-for-stm32.9-2020-q2-update.win32_2.0.0.202105311346/tools/bin/../lib/gcc/arm-none-eabi/9.3.1/thumb/v7e-m+fp/hard/crti.o
 .ARM.attributes
                0x000000000000001e       0x34 c:/st/stm32cubeide_1.7.0/stm32cubeide/plugins/com.st.stm32cube.ide.mcu.externaltools.gnu-tools-for-stm32.9-2020-q2-update.win32_2.0.0.202105311346/tools/bin/../lib/gcc/arm-none-eabi/9.3.1/thumb/v7e-m+fp/hard/crtbegin.o
 .ARM.attributes
                0x0000000000000052       0x34 ./Core/Src/Ethernet/socket.o
 .ARM.attributes
                0x0000000000000086       0x34 ./Core/Src/Ethernet/w5500.o
 .ARM.attributes
                0x00000000000000ba       0x34 ./Core/Src/Ethernet/w5500_spi.o
 .ARM.attributes
                0x00000000000000ee       0x34 ./Core/Src/Ethernet/wizchip_conf.o
 .ARM.attributes
                0x0000000000000122       0x34 ./Core/Src/main.o
 .ARM.attributes
                0x0000000000000156       0x34 ./Core/Src/stm32f4xx_hal_msp.o
 .ARM.attributes
                0x000000000000018a       0x34 ./Core/Src/stm32f4xx_it.o
 .ARM.attributes
                0x00000000000001be       0x34 ./Core/Src/syscalls.o
 .ARM.attributes
                0x00000000000001f2       0x34 ./Core/Src/sysmem.o
 .ARM.attributes
                0x0000000000000226       0x34 ./Core/Src/system_stm32f4xx.o
 .ARM.attributes
                0x000000000000025a       0x21 ./Core/Startup/startup_stm32f412cgux.o
 .ARM.attributes
                0x000000000000027b       0x34 ./Drivers/STM32F4xx_HAL_Driver/Src/stm32f4xx_hal.o
 .ARM.attributes
                0x00000000000002af       0x34 ./Drivers/STM32F4xx_HAL_Driver/Src/stm32f4xx_hal_cortex.o
 .ARM.attributes
                0x00000000000002e3       0x34 ./Drivers/STM32F4xx_HAL_Driver/Src/stm32f4xx_hal_gpio.o
 .ARM.attributes
                0x0000000000000317       0x34 ./Drivers/STM32F4xx_HAL_Driver/Src/stm32f4xx_hal_rcc.o
 .ARM.attributes
                0x000000000000034b       0x34 ./Drivers/STM32F4xx_HAL_Driver/Src/stm32f4xx_hal_rcc_ex.o
 .ARM.attributes
                0x000000000000037f       0x34 ./Drivers/STM32F4xx_HAL_Driver/Src/stm32f4xx_hal_spi.o
 .ARM.attributes
                0x00000000000003b3       0x34 c:/st/stm32cubeide_1.7.0/stm32cubeide/plugins/com.st.stm32cube.ide.mcu.externaltools.gnu-tools-for-stm32.9-2020-q2-update.win32_2.0.0.202105311346/tools/bin/../lib/gcc/arm-none-eabi/9.3.1/../../../../arm-none-eabi/lib/thumb/v7e-m+fp/hard\libc_nano.a(lib_a-errno.o)
 .ARM.attributes
                0x00000000000003e7       0x32 c:/st/stm32cubeide_1.7.0/stm32cubeide/plugins/com.st.stm32cube.ide.mcu.externaltools.gnu-tools-for-stm32.9-2020-q2-update.win32_2.0.0.202105311346/tools/bin/../lib/gcc/arm-none-eabi/9.3.1/../../../../arm-none-eabi/lib/thumb/v7e-m+fp/hard\libc_nano.a(lib_a-impure.o)
 .ARM.attributes
                0x0000000000000419       0x34 c:/st/stm32cubeide_1.7.0/stm32cubeide/plugins/com.st.stm32cube.ide.mcu.externaltools.gnu-tools-for-stm32.9-2020-q2-update.win32_2.0.0.202105311346/tools/bin/../lib/gcc/arm-none-eabi/9.3.1/../../../../arm-none-eabi/lib/thumb/v7e-m+fp/hard\libc_nano.a(lib_a-init.o)
 .ARM.attributes
                0x000000000000044d       0x34 c:/st/stm32cubeide_1.7.0/stm32cubeide/plugins/com.st.stm32cube.ide.mcu.externaltools.gnu-tools-for-stm32.9-2020-q2-update.win32_2.0.0.202105311346/tools/bin/../lib/gcc/arm-none-eabi/9.3.1/../../../../arm-none-eabi/lib/thumb/v7e-m+fp/hard\libc_nano.a(lib_a-memset.o)
 .ARM.attributes
                0x0000000000000481       0x34 c:/st/stm32cubeide_1.7.0/stm32cubeide/plugins/com.st.stm32cube.ide.mcu.externaltools.gnu-tools-for-stm32.9-2020-q2-update.win32_2.0.0.202105311346/tools/bin/../lib/gcc/arm-none-eabi/9.3.1/../../../../arm-none-eabi/lib/thumb/v7e-m+fp/hard\libc_nano.a(lib_a-printf.o)
 .ARM.attributes
                0x00000000000004b5       0x34 c:/st/stm32cubeide_1.7.0/stm32cubeide/plugins/com.st.stm32cube.ide.mcu.externaltools.gnu-tools-for-stm32.9-2020-q2-update.win32_2.0.0.202105311346/tools/bin/../lib/gcc/arm-none-eabi/9.3.1/../../../../arm-none-eabi/lib/thumb/v7e-m+fp/hard\libc_nano.a(lib_a-puts.o)
 .ARM.attributes
                0x00000000000004e9       0x34 c:/st/stm32cubeide_1.7.0/stm32cubeide/plugins/com.st.stm32cube.ide.mcu.externaltools.gnu-tools-for-stm32.9-2020-q2-update.win32_2.0.0.202105311346/tools/bin/../lib/gcc/arm-none-eabi/9.3.1/../../../../arm-none-eabi/lib/thumb/v7e-m+fp/hard\libc_nano.a(lib_a-setbuf.o)
 .ARM.attributes
                0x000000000000051d       0x34 c:/st/stm32cubeide_1.7.0/stm32cubeide/plugins/com.st.stm32cube.ide.mcu.externaltools.gnu-tools-for-stm32.9-2020-q2-update.win32_2.0.0.202105311346/tools/bin/../lib/gcc/arm-none-eabi/9.3.1/../../../../arm-none-eabi/lib/thumb/v7e-m+fp/hard\libc_nano.a(lib_a-setvbuf.o)
 .ARM.attributes
                0x0000000000000551       0x17 c:/st/stm32cubeide_1.7.0/stm32cubeide/plugins/com.st.stm32cube.ide.mcu.externaltools.gnu-tools-for-stm32.9-2020-q2-update.win32_2.0.0.202105311346/tools/bin/../lib/gcc/arm-none-eabi/9.3.1/../../../../arm-none-eabi/lib/thumb/v7e-m+fp/hard\libc_nano.a(lib_a-strlen.o)
 .ARM.attributes
                0x0000000000000568       0x34 c:/st/stm32cubeide_1.7.0/stm32cubeide/plugins/com.st.stm32cube.ide.mcu.externaltools.gnu-tools-for-stm32.9-2020-q2-update.win32_2.0.0.202105311346/tools/bin/../lib/gcc/arm-none-eabi/9.3.1/../../../../arm-none-eabi/lib/thumb/v7e-m+fp/hard\libc_nano.a(lib_a-wbuf.o)
 .ARM.attributes
                0x000000000000059c       0x34 c:/st/stm32cubeide_1.7.0/stm32cubeide/plugins/com.st.stm32cube.ide.mcu.externaltools.gnu-tools-for-stm32.9-2020-q2-update.win32_2.0.0.202105311346/tools/bin/../lib/gcc/arm-none-eabi/9.3.1/../../../../arm-none-eabi/lib/thumb/v7e-m+fp/hard\libc_nano.a(lib_a-wsetup.o)
 .ARM.attributes
                0x00000000000005d0       0x34 c:/st/stm32cubeide_1.7.0/stm32cubeide/plugins/com.st.stm32cube.ide.mcu.externaltools.gnu-tools-for-stm32.9-2020-q2-update.win32_2.0.0.202105311346/tools/bin/../lib/gcc/arm-none-eabi/9.3.1/../../../../arm-none-eabi/lib/thumb/v7e-m+fp/hard\libc_nano.a(lib_a-fflush.o)
 .ARM.attributes
                0x0000000000000604       0x34 c:/st/stm32cubeide_1.7.0/stm32cubeide/plugins/com.st.stm32cube.ide.mcu.externaltools.gnu-tools-for-stm32.9-2020-q2-update.win32_2.0.0.202105311346/tools/bin/../lib/gcc/arm-none-eabi/9.3.1/../../../../arm-none-eabi/lib/thumb/v7e-m+fp/hard\libc_nano.a(lib_a-findfp.o)
 .ARM.attributes
                0x0000000000000638       0x34 c:/st/stm32cubeide_1.7.0/stm32cubeide/plugins/com.st.stm32cube.ide.mcu.externaltools.gnu-tools-for-stm32.9-2020-q2-update.win32_2.0.0.202105311346/tools/bin/../lib/gcc/arm-none-eabi/9.3.1/../../../../arm-none-eabi/lib/thumb/v7e-m+fp/hard\libc_nano.a(lib_a-fwalk.o)
 .ARM.attributes
                0x000000000000066c       0x34 c:/st/stm32cubeide_1.7.0/stm32cubeide/plugins/com.st.stm32cube.ide.mcu.externaltools.gnu-tools-for-stm32.9-2020-q2-update.win32_2.0.0.202105311346/tools/bin/../lib/gcc/arm-none-eabi/9.3.1/../../../../arm-none-eabi/lib/thumb/v7e-m+fp/hard\libc_nano.a(lib_a-lock.o)
 .ARM.attributes
                0x00000000000006a0       0x34 c:/st/stm32cubeide_1.7.0/stm32cubeide/plugins/com.st.stm32cube.ide.mcu.externaltools.gnu-tools-for-stm32.9-2020-q2-update.win32_2.0.0.202105311346/tools/bin/../lib/gcc/arm-none-eabi/9.3.1/../../../../arm-none-eabi/lib/thumb/v7e-m+fp/hard\libc_nano.a(lib_a-makebuf.o)
 .ARM.attributes
                0x00000000000006d4       0x34 c:/st/stm32cubeide_1.7.0/stm32cubeide/plugins/com.st.stm32cube.ide.mcu.externaltools.gnu-tools-for-stm32.9-2020-q2-update.win32_2.0.0.202105311346/tools/bin/../lib/gcc/arm-none-eabi/9.3.1/../../../../arm-none-eabi/lib/thumb/v7e-m+fp/hard\libc_nano.a(lib_a-malloc.o)
 .ARM.attributes
                0x0000000000000708       0x34 c:/st/stm32cubeide_1.7.0/stm32cubeide/plugins/com.st.stm32cube.ide.mcu.externaltools.gnu-tools-for-stm32.9-2020-q2-update.win32_2.0.0.202105311346/tools/bin/../lib/gcc/arm-none-eabi/9.3.1/../../../../arm-none-eabi/lib/thumb/v7e-m+fp/hard\libc_nano.a(lib_a-nano-freer.o)
 .ARM.attributes
                0x000000000000073c       0x34 c:/st/stm32cubeide_1.7.0/stm32cubeide/plugins/com.st.stm32cube.ide.mcu.externaltools.gnu-tools-for-stm32.9-2020-q2-update.win32_2.0.0.202105311346/tools/bin/../lib/gcc/arm-none-eabi/9.3.1/../../../../arm-none-eabi/lib/thumb/v7e-m+fp/hard\libc_nano.a(lib_a-nano-mallocr.o)
 .ARM.attributes
                0x0000000000000770       0x34 c:/st/stm32cubeide_1.7.0/stm32cubeide/plugins/com.st.stm32cube.ide.mcu.externaltools.gnu-tools-for-stm32.9-2020-q2-update.win32_2.0.0.202105311346/tools/bin/../lib/gcc/arm-none-eabi/9.3.1/../../../../arm-none-eabi/lib/thumb/v7e-m+fp/hard\libc_nano.a(lib_a-nano-vfprintf.o)
 .ARM.attributes
                0x00000000000007a4       0x34 c:/st/stm32cubeide_1.7.0/stm32cubeide/plugins/com.st.stm32cube.ide.mcu.externaltools.gnu-tools-for-stm32.9-2020-q2-update.win32_2.0.0.202105311346/tools/bin/../lib/gcc/arm-none-eabi/9.3.1/../../../../arm-none-eabi/lib/thumb/v7e-m+fp/hard\libc_nano.a(lib_a-nano-vfprintf_i.o)
 .ARM.attributes
                0x00000000000007d8       0x34 c:/st/stm32cubeide_1.7.0/stm32cubeide/plugins/com.st.stm32cube.ide.mcu.externaltools.gnu-tools-for-stm32.9-2020-q2-update.win32_2.0.0.202105311346/tools/bin/../lib/gcc/arm-none-eabi/9.3.1/../../../../arm-none-eabi/lib/thumb/v7e-m+fp/hard\libc_nano.a(lib_a-sbrkr.o)
 .ARM.attributes
                0x000000000000080c       0x34 c:/st/stm32cubeide_1.7.0/stm32cubeide/plugins/com.st.stm32cube.ide.mcu.externaltools.gnu-tools-for-stm32.9-2020-q2-update.win32_2.0.0.202105311346/tools/bin/../lib/gcc/arm-none-eabi/9.3.1/../../../../arm-none-eabi/lib/thumb/v7e-m+fp/hard\libc_nano.a(lib_a-stdio.o)
 .ARM.attributes
                0x0000000000000840       0x34 c:/st/stm32cubeide_1.7.0/stm32cubeide/plugins/com.st.stm32cube.ide.mcu.externaltools.gnu-tools-for-stm32.9-2020-q2-update.win32_2.0.0.202105311346/tools/bin/../lib/gcc/arm-none-eabi/9.3.1/../../../../arm-none-eabi/lib/thumb/v7e-m+fp/hard\libc_nano.a(lib_a-writer.o)
 .ARM.attributes
                0x0000000000000874       0x34 c:/st/stm32cubeide_1.7.0/stm32cubeide/plugins/com.st.stm32cube.ide.mcu.externaltools.gnu-tools-for-stm32.9-2020-q2-update.win32_2.0.0.202105311346/tools/bin/../lib/gcc/arm-none-eabi/9.3.1/../../../../arm-none-eabi/lib/thumb/v7e-m+fp/hard\libc_nano.a(lib_a-closer.o)
 .ARM.attributes
                0x00000000000008a8       0x34 c:/st/stm32cubeide_1.7.0/stm32cubeide/plugins/com.st.stm32cube.ide.mcu.externaltools.gnu-tools-for-stm32.9-2020-q2-update.win32_2.0.0.202105311346/tools/bin/../lib/gcc/arm-none-eabi/9.3.1/../../../../arm-none-eabi/lib/thumb/v7e-m+fp/hard\libc_nano.a(lib_a-fstatr.o)
 .ARM.attributes
                0x00000000000008dc       0x34 c:/st/stm32cubeide_1.7.0/stm32cubeide/plugins/com.st.stm32cube.ide.mcu.externaltools.gnu-tools-for-stm32.9-2020-q2-update.win32_2.0.0.202105311346/tools/bin/../lib/gcc/arm-none-eabi/9.3.1/../../../../arm-none-eabi/lib/thumb/v7e-m+fp/hard\libc_nano.a(lib_a-isattyr.o)
 .ARM.attributes
                0x0000000000000910       0x34 c:/st/stm32cubeide_1.7.0/stm32cubeide/plugins/com.st.stm32cube.ide.mcu.externaltools.gnu-tools-for-stm32.9-2020-q2-update.win32_2.0.0.202105311346/tools/bin/../lib/gcc/arm-none-eabi/9.3.1/../../../../arm-none-eabi/lib/thumb/v7e-m+fp/hard\libc_nano.a(lib_a-lseekr.o)
 .ARM.attributes
                0x0000000000000944       0x1c c:/st/stm32cubeide_1.7.0/stm32cubeide/plugins/com.st.stm32cube.ide.mcu.externaltools.gnu-tools-for-stm32.9-2020-q2-update.win32_2.0.0.202105311346/tools/bin/../lib/gcc/arm-none-eabi/9.3.1/../../../../arm-none-eabi/lib/thumb/v7e-m+fp/hard\libc_nano.a(lib_a-memchr.o)
 .ARM.attributes
                0x0000000000000960       0x34 c:/st/stm32cubeide_1.7.0/stm32cubeide/plugins/com.st.stm32cube.ide.mcu.externaltools.gnu-tools-for-stm32.9-2020-q2-update.win32_2.0.0.202105311346/tools/bin/../lib/gcc/arm-none-eabi/9.3.1/../../../../arm-none-eabi/lib/thumb/v7e-m+fp/hard\libc_nano.a(lib_a-mlock.o)
 .ARM.attributes
                0x0000000000000994       0x34 c:/st/stm32cubeide_1.7.0/stm32cubeide/plugins/com.st.stm32cube.ide.mcu.externaltools.gnu-tools-for-stm32.9-2020-q2-update.win32_2.0.0.202105311346/tools/bin/../lib/gcc/arm-none-eabi/9.3.1/../../../../arm-none-eabi/lib/thumb/v7e-m+fp/hard\libc_nano.a(lib_a-readr.o)
 .ARM.attributes
                0x00000000000009c8       0x34 c:/st/stm32cubeide_1.7.0/stm32cubeide/plugins/com.st.stm32cube.ide.mcu.externaltools.gnu-tools-for-stm32.9-2020-q2-update.win32_2.0.0.202105311346/tools/bin/../lib/gcc/arm-none-eabi/9.3.1/../../../../arm-none-eabi/lib/thumb/v7e-m+fp/hard\libc_nano.a(lib_a-reent.o)
 .ARM.attributes
                0x00000000000009fc       0x1e c:/st/stm32cubeide_1.7.0/stm32cubeide/plugins/com.st.stm32cube.ide.mcu.externaltools.gnu-tools-for-stm32.9-2020-q2-update.win32_2.0.0.202105311346/tools/bin/../lib/gcc/arm-none-eabi/9.3.1/thumb/v7e-m+fp/hard\libgcc.a(_aeabi_uldivmod.o)
 .ARM.attributes
                0x0000000000000a1a       0x34 c:/st/stm32cubeide_1.7.0/stm32cubeide/plugins/com.st.stm32cube.ide.mcu.externaltools.gnu-tools-for-stm32.9-2020-q2-update.win32_2.0.0.202105311346/tools/bin/../lib/gcc/arm-none-eabi/9.3.1/thumb/v7e-m+fp/hard\libgcc.a(_udivmoddi4.o)
 .ARM.attributes
                0x0000000000000a4e       0x1e c:/st/stm32cubeide_1.7.0/stm32cubeide/plugins/com.st.stm32cube.ide.mcu.externaltools.gnu-tools-for-stm32.9-2020-q2-update.win32_2.0.0.202105311346/tools/bin/../lib/gcc/arm-none-eabi/9.3.1/thumb/v7e-m+fp/hard\libgcc.a(_dvmd_tls.o)
 .ARM.attributes
                0x0000000000000a6c       0x1e c:/st/stm32cubeide_1.7.0/stm32cubeide/plugins/com.st.stm32cube.ide.mcu.externaltools.gnu-tools-for-stm32.9-2020-q2-update.win32_2.0.0.202105311346/tools/bin/../lib/gcc/arm-none-eabi/9.3.1/thumb/v7e-m+fp/hard/crtn.o
OUTPUT(EthernetDen.elf elf32-littlearm)
LOAD linker stubs
LOAD c:/st/stm32cubeide_1.7.0/stm32cubeide/plugins/com.st.stm32cube.ide.mcu.externaltools.gnu-tools-for-stm32.9-2020-q2-update.win32_2.0.0.202105311346/tools/bin/../lib/gcc/arm-none-eabi/9.3.1/../../../../arm-none-eabi/lib/thumb/v7e-m+fp/hard\libc.a
LOAD c:/st/stm32cubeide_1.7.0/stm32cubeide/plugins/com.st.stm32cube.ide.mcu.externaltools.gnu-tools-for-stm32.9-2020-q2-update.win32_2.0.0.202105311346/tools/bin/../lib/gcc/arm-none-eabi/9.3.1/../../../../arm-none-eabi/lib/thumb/v7e-m+fp/hard\libm.a
LOAD c:/st/stm32cubeide_1.7.0/stm32cubeide/plugins/com.st.stm32cube.ide.mcu.externaltools.gnu-tools-for-stm32.9-2020-q2-update.win32_2.0.0.202105311346/tools/bin/../lib/gcc/arm-none-eabi/9.3.1/thumb/v7e-m+fp/hard\libgcc.a

.debug_info     0x0000000000000000     0xc0b3
 .debug_info    0x0000000000000000      0x85b ./Core/Src/Ethernet/socket.o
 .debug_info    0x000000000000085b      0x586 ./Core/Src/Ethernet/w5500.o
 .debug_info    0x0000000000000de1     0x1632 ./Core/Src/Ethernet/w5500_spi.o
 .debug_info    0x0000000000002413      0xccd ./Core/Src/Ethernet/wizchip_conf.o
 .debug_info    0x00000000000030e0     0x191e ./Core/Src/main.o
 .debug_info    0x00000000000049fe      0xa5e ./Core/Src/stm32f4xx_hal_msp.o
 .debug_info    0x000000000000545c      0x222 ./Core/Src/stm32f4xx_it.o
 .debug_info    0x000000000000567e      0xfa8 ./Core/Src/syscalls.o
 .debug_info    0x0000000000006626      0xa25 ./Core/Src/sysmem.o
 .debug_info    0x000000000000704b      0x5b2 ./Core/Src/system_stm32f4xx.o
 .debug_info    0x00000000000075fd       0x22 ./Core/Startup/startup_stm32f412cgux.o
 .debug_info    0x000000000000761f      0x9a8 ./Drivers/STM32F4xx_HAL_Driver/Src/stm32f4xx_hal.o
 .debug_info    0x0000000000007fc7      0xebf ./Drivers/STM32F4xx_HAL_Driver/Src/stm32f4xx_hal_cortex.o
 .debug_info    0x0000000000008e86      0x868 ./Drivers/STM32F4xx_HAL_Driver/Src/stm32f4xx_hal_gpio.o
 .debug_info    0x00000000000096ee      0x993 ./Drivers/STM32F4xx_HAL_Driver/Src/stm32f4xx_hal_rcc.o
 .debug_info    0x000000000000a081      0x872 ./Drivers/STM32F4xx_HAL_Driver/Src/stm32f4xx_hal_rcc_ex.o
 .debug_info    0x000000000000a8f3     0x17c0 ./Drivers/STM32F4xx_HAL_Driver/Src/stm32f4xx_hal_spi.o

.debug_abbrev   0x0000000000000000     0x22ee
 .debug_abbrev  0x0000000000000000      0x24e ./Core/Src/Ethernet/socket.o
 .debug_abbrev  0x000000000000024e      0x211 ./Core/Src/Ethernet/w5500.o
 .debug_abbrev  0x000000000000045f      0x2ce ./Core/Src/Ethernet/w5500_spi.o
 .debug_abbrev  0x000000000000072d      0x2de ./Core/Src/Ethernet/wizchip_conf.o
 .debug_abbrev  0x0000000000000a0b      0x317 ./Core/Src/main.o
 .debug_abbrev  0x0000000000000d22      0x1ac ./Core/Src/stm32f4xx_hal_msp.o
 .debug_abbrev  0x0000000000000ece       0xd2 ./Core/Src/stm32f4xx_it.o
 .debug_abbrev  0x0000000000000fa0      0x286 ./Core/Src/syscalls.o
 .debug_abbrev  0x0000000000001226      0x1bf ./Core/Src/sysmem.o
 .debug_abbrev  0x00000000000013e5      0x145 ./Core/Src/system_stm32f4xx.o
 .debug_abbrev  0x000000000000152a       0x12 ./Core/Startup/startup_stm32f412cgux.o
 .debug_abbrev  0x000000000000153c      0x1ed ./Drivers/STM32F4xx_HAL_Driver/Src/stm32f4xx_hal.o
 .debug_abbrev  0x0000000000001729      0x33c ./Drivers/STM32F4xx_HAL_Driver/Src/stm32f4xx_hal_cortex.o
 .debug_abbrev  0x0000000000001a65      0x1f1 ./Drivers/STM32F4xx_HAL_Driver/Src/stm32f4xx_hal_gpio.o
 .debug_abbrev  0x0000000000001c56      0x26a ./Drivers/STM32F4xx_HAL_Driver/Src/stm32f4xx_hal_rcc.o
 .debug_abbrev  0x0000000000001ec0      0x1c0 ./Drivers/STM32F4xx_HAL_Driver/Src/stm32f4xx_hal_rcc_ex.o
 .debug_abbrev  0x0000000000002080      0x26e ./Drivers/STM32F4xx_HAL_Driver/Src/stm32f4xx_hal_spi.o

.debug_aranges  0x0000000000000000      0x980
 .debug_aranges
                0x0000000000000000       0x78 ./Core/Src/Ethernet/socket.o
 .debug_aranges
                0x0000000000000078       0x60 ./Core/Src/Ethernet/w5500.o
 .debug_aranges
                0x00000000000000d8       0x60 ./Core/Src/Ethernet/w5500_spi.o
 .debug_aranges
                0x0000000000000138      0x138 ./Core/Src/Ethernet/wizchip_conf.o
 .debug_aranges
                0x0000000000000270       0x50 ./Core/Src/main.o
 .debug_aranges
                0x00000000000002c0       0x30 ./Core/Src/stm32f4xx_hal_msp.o
 .debug_aranges
                0x00000000000002f0       0x60 ./Core/Src/stm32f4xx_it.o
 .debug_aranges
                0x0000000000000350       0xa8 ./Core/Src/syscalls.o
 .debug_aranges
                0x00000000000003f8       0x20 ./Core/Src/sysmem.o
 .debug_aranges
                0x0000000000000418       0x28 ./Core/Src/system_stm32f4xx.o
 .debug_aranges
                0x0000000000000440       0x28 ./Core/Startup/startup_stm32f412cgux.o
 .debug_aranges
                0x0000000000000468       0xf0 ./Drivers/STM32F4xx_HAL_Driver/Src/stm32f4xx_hal.o
 .debug_aranges
                0x0000000000000558      0x118 ./Drivers/STM32F4xx_HAL_Driver/Src/stm32f4xx_hal_cortex.o
 .debug_aranges
                0x0000000000000670       0x58 ./Drivers/STM32F4xx_HAL_Driver/Src/stm32f4xx_hal_gpio.o
 .debug_aranges
                0x00000000000006c8       0x88 ./Drivers/STM32F4xx_HAL_Driver/Src/stm32f4xx_hal_rcc.o
 .debug_aranges
                0x0000000000000750       0x60 ./Drivers/STM32F4xx_HAL_Driver/Src/stm32f4xx_hal_rcc_ex.o
 .debug_aranges
                0x00000000000007b0      0x1d0 ./Drivers/STM32F4xx_HAL_Driver/Src/stm32f4xx_hal_spi.o

.debug_ranges   0x0000000000000000      0x890
 .debug_ranges  0x0000000000000000       0x80 ./Core/Src/Ethernet/socket.o
 .debug_ranges  0x0000000000000080       0x50 ./Core/Src/Ethernet/w5500.o
 .debug_ranges  0x00000000000000d0       0x50 ./Core/Src/Ethernet/w5500_spi.o
 .debug_ranges  0x0000000000000120      0x128 ./Core/Src/Ethernet/wizchip_conf.o
 .debug_ranges  0x0000000000000248       0x40 ./Core/Src/main.o
 .debug_ranges  0x0000000000000288       0x20 ./Core/Src/stm32f4xx_hal_msp.o
 .debug_ranges  0x00000000000002a8       0x50 ./Core/Src/stm32f4xx_it.o
 .debug_ranges  0x00000000000002f8       0x98 ./Core/Src/syscalls.o
 .debug_ranges  0x0000000000000390       0x10 ./Core/Src/sysmem.o
 .debug_ranges  0x00000000000003a0       0x18 ./Core/Src/system_stm32f4xx.o
 .debug_ranges  0x00000000000003b8       0x20 ./Core/Startup/startup_stm32f412cgux.o
 .debug_ranges  0x00000000000003d8       0xe0 ./Drivers/STM32F4xx_HAL_Driver/Src/stm32f4xx_hal.o
 .debug_ranges  0x00000000000004b8      0x108 ./Drivers/STM32F4xx_HAL_Driver/Src/stm32f4xx_hal_cortex.o
 .debug_ranges  0x00000000000005c0       0x48 ./Drivers/STM32F4xx_HAL_Driver/Src/stm32f4xx_hal_gpio.o
 .debug_ranges  0x0000000000000608       0x78 ./Drivers/STM32F4xx_HAL_Driver/Src/stm32f4xx_hal_rcc.o
 .debug_ranges  0x0000000000000680       0x50 ./Drivers/STM32F4xx_HAL_Driver/Src/stm32f4xx_hal_rcc_ex.o
 .debug_ranges  0x00000000000006d0      0x1c0 ./Drivers/STM32F4xx_HAL_Driver/Src/stm32f4xx_hal_spi.o

.debug_macro    0x0000000000000000    0x1cf6d
 .debug_macro   0x0000000000000000       0xb8 ./Core/Src/Ethernet/socket.o
 .debug_macro   0x00000000000000b8       0x8e ./Core/Src/Ethernet/socket.o
 .debug_macro   0x0000000000000146       0x51 ./Core/Src/Ethernet/socket.o
 .debug_macro   0x0000000000000197       0x66 ./Core/Src/Ethernet/socket.o
 .debug_macro   0x00000000000001fd       0x9d ./Core/Src/Ethernet/w5500.o
 .debug_macro   0x000000000000029a      0x33b ./Core/Src/Ethernet/w5500_spi.o
 .debug_macro   0x00000000000005d5      0x295 ./Core/Src/Ethernet/w5500_spi.o
 .debug_macro   0x000000000000086a       0x2e ./Core/Src/Ethernet/w5500_spi.o
 .debug_macro   0x0000000000000898       0x28 ./Core/Src/Ethernet/w5500_spi.o
 .debug_macro   0x00000000000008c0       0x1c ./Core/Src/Ethernet/w5500_spi.o
 .debug_macro   0x00000000000008dc       0x22 ./Core/Src/Ethernet/w5500_spi.o
 .debug_macro   0x00000000000008fe       0xdf ./Core/Src/Ethernet/w5500_spi.o
 .debug_macro   0x00000000000009dd     0x102d ./Core/Src/Ethernet/w5500_spi.o
 .debug_macro   0x0000000000001a0a      0x11f ./Core/Src/Ethernet/w5500_spi.o
 .debug_macro   0x0000000000001b29    0x13076 ./Core/Src/Ethernet/w5500_spi.o
 .debug_macro   0x0000000000014b9f       0x6d ./Core/Src/Ethernet/w5500_spi.o
 .debug_macro   0x0000000000014c0c     0x3666 ./Core/Src/Ethernet/w5500_spi.o
 .debug_macro   0x0000000000018272      0x174 ./Core/Src/Ethernet/w5500_spi.o
 .debug_macro   0x00000000000183e6       0x5c ./Core/Src/Ethernet/w5500_spi.o
 .debug_macro   0x0000000000018442      0x84c ./Core/Src/Ethernet/w5500_spi.o
 .debug_macro   0x0000000000018c8e      0x9fe ./Core/Src/Ethernet/w5500_spi.o
 .debug_macro   0x000000000001968c      0x116 ./Core/Src/Ethernet/w5500_spi.o
 .debug_macro   0x00000000000197a2      0x192 ./Core/Src/Ethernet/w5500_spi.o
 .debug_macro   0x0000000000019934       0xa5 ./Core/Src/Ethernet/w5500_spi.o
 .debug_macro   0x00000000000199d9      0x151 ./Core/Src/Ethernet/w5500_spi.o
 .debug_macro   0x0000000000019b2a      0x287 ./Core/Src/Ethernet/w5500_spi.o
 .debug_macro   0x0000000000019db1       0x5f ./Core/Src/Ethernet/w5500_spi.o
 .debug_macro   0x0000000000019e10      0x236 ./Core/Src/Ethernet/w5500_spi.o
 .debug_macro   0x000000000001a046      0x132 ./Core/Src/Ethernet/w5500_spi.o
 .debug_macro   0x000000000001a178      0x29c ./Core/Src/Ethernet/w5500_spi.o
 .debug_macro   0x000000000001a414       0x2e ./Core/Src/Ethernet/w5500_spi.o
 .debug_macro   0x000000000001a442      0x11a ./Core/Src/Ethernet/w5500_spi.o
 .debug_macro   0x000000000001a55c       0x91 ./Core/Src/Ethernet/w5500_spi.o
 .debug_macro   0x000000000001a5ed       0x89 ./Core/Src/Ethernet/w5500_spi.o
 .debug_macro   0x000000000001a676      0x225 ./Core/Src/Ethernet/w5500_spi.o
 .debug_macro   0x000000000001a89b      0x126 ./Core/Src/Ethernet/w5500_spi.o
 .debug_macro   0x000000000001a9c1       0x52 ./Core/Src/Ethernet/w5500_spi.o
 .debug_macro   0x000000000001aa13       0x35 ./Core/Src/Ethernet/w5500_spi.o
 .debug_macro   0x000000000001aa48      0x333 ./Core/Src/Ethernet/w5500_spi.o
 .debug_macro   0x000000000001ad7b       0x94 ./Core/Src/Ethernet/wizchip_conf.o
 .debug_macro   0x000000000001ae0f      0x391 ./Core/Src/main.o
 .debug_macro   0x000000000001b1a0       0x16 ./Core/Src/main.o
 .debug_macro   0x000000000001b1b6       0x20 ./Core/Src/main.o
 .debug_macro   0x000000000001b1d6       0xde ./Core/Src/main.o
 .debug_macro   0x000000000001b2b4       0x22 ./Core/Src/main.o
 .debug_macro   0x000000000001b2d6      0x1c4 ./Core/Src/stm32f4xx_hal_msp.o
 .debug_macro   0x000000000001b49a      0x1ce ./Core/Src/stm32f4xx_it.o
 .debug_macro   0x000000000001b668      0x24c ./Core/Src/syscalls.o
 .debug_macro   0x000000000001b8b4       0x10 ./Core/Src/syscalls.o
 .debug_macro   0x000000000001b8c4       0x10 ./Core/Src/syscalls.o
 .debug_macro   0x000000000001b8d4       0x10 ./Core/Src/syscalls.o
 .debug_macro   0x000000000001b8e4       0x35 ./Core/Src/syscalls.o
 .debug_macro   0x000000000001b919      0x12c ./Core/Src/syscalls.o
 .debug_macro   0x000000000001ba45       0x16 ./Core/Src/syscalls.o
 .debug_macro   0x000000000001ba5b       0x16 ./Core/Src/syscalls.o
 .debug_macro   0x000000000001ba71       0x29 ./Core/Src/syscalls.o
 .debug_macro   0x000000000001ba9a       0x10 ./Core/Src/syscalls.o
 .debug_macro   0x000000000001baaa      0x241 ./Core/Src/syscalls.o
 .debug_macro   0x000000000001bceb       0x1c ./Core/Src/syscalls.o
 .debug_macro   0x000000000001bd07       0x10 ./Core/Src/syscalls.o
 .debug_macro   0x000000000001bd17      0x189 ./Core/Src/syscalls.o
 .debug_macro   0x000000000001bea0       0x16 ./Core/Src/syscalls.o
 .debug_macro   0x000000000001beb6       0xce ./Core/Src/syscalls.o
 .debug_macro   0x000000000001bf84       0xff ./Core/Src/sysmem.o
 .debug_macro   0x000000000001c083      0x23b ./Core/Src/sysmem.o
 .debug_macro   0x000000000001c2be      0x1ba ./Core/Src/system_stm32f4xx.o
 .debug_macro   0x000000000001c478      0x21a ./Drivers/STM32F4xx_HAL_Driver/Src/stm32f4xx_hal.o
 .debug_macro   0x000000000001c692      0x1ba ./Drivers/STM32F4xx_HAL_Driver/Src/stm32f4xx_hal_cortex.o
 .debug_macro   0x000000000001c84c      0x1c0 ./Drivers/STM32F4xx_HAL_Driver/Src/stm32f4xx_hal_gpio.o
 .debug_macro   0x000000000001ca0c      0x1de ./Drivers/STM32F4xx_HAL_Driver/Src/stm32f4xx_hal_rcc.o
 .debug_macro   0x000000000001cbea      0x1ba ./Drivers/STM32F4xx_HAL_Driver/Src/stm32f4xx_hal_rcc_ex.o
 .debug_macro   0x000000000001cda4      0x1c9 ./Drivers/STM32F4xx_HAL_Driver/Src/stm32f4xx_hal_spi.o

.debug_line     0x0000000000000000     0xb065
 .debug_line    0x0000000000000000      0xd91 ./Core/Src/Ethernet/socket.o
 .debug_line    0x0000000000000d91      0x71d ./Core/Src/Ethernet/w5500.o
 .debug_line    0x00000000000014ae      0xa63 ./Core/Src/Ethernet/w5500_spi.o
 .debug_line    0x0000000000001f11      0xb1e ./Core/Src/Ethernet/wizchip_conf.o
 .debug_line    0x0000000000002a2f      0xaa7 ./Core/Src/main.o
 .debug_line    0x00000000000034d6      0x6e2 ./Core/Src/stm32f4xx_hal_msp.o
 .debug_line    0x0000000000003bb8      0x757 ./Core/Src/stm32f4xx_it.o
 .debug_line    0x000000000000430f      0x802 ./Core/Src/syscalls.o
 .debug_line    0x0000000000004b11      0x4f8 ./Core/Src/sysmem.o
 .debug_line    0x0000000000005009      0x716 ./Core/Src/system_stm32f4xx.o
 .debug_line    0x000000000000571f       0x88 ./Core/Startup/startup_stm32f412cgux.o
 .debug_line    0x00000000000057a7      0x97a ./Drivers/STM32F4xx_HAL_Driver/Src/stm32f4xx_hal.o
 .debug_line    0x0000000000006121      0xc2b ./Drivers/STM32F4xx_HAL_Driver/Src/stm32f4xx_hal_cortex.o
 .debug_line    0x0000000000006d4c      0xa8e ./Drivers/STM32F4xx_HAL_Driver/Src/stm32f4xx_hal_gpio.o
 .debug_line    0x00000000000077da      0xce9 ./Drivers/STM32F4xx_HAL_Driver/Src/stm32f4xx_hal_rcc.o
 .debug_line    0x00000000000084c3      0xf9e ./Drivers/STM32F4xx_HAL_Driver/Src/stm32f4xx_hal_rcc_ex.o
 .debug_line    0x0000000000009461     0x1c04 ./Drivers/STM32F4xx_HAL_Driver/Src/stm32f4xx_hal_spi.o

.debug_str      0x0000000000000000    0xb4ad4
 .debug_str     0x0000000000000000     0x6e9f ./Core/Src/Ethernet/socket.o
                                       0x7081 (size before relaxing)
 .debug_str     0x0000000000006e9f      0x13b ./Core/Src/Ethernet/w5500.o
                                       0x6a23 (size before relaxing)
 .debug_str     0x0000000000006fda    0xa9fcb ./Core/Src/Ethernet/w5500_spi.o
                                      0xb0af0 (size before relaxing)
 .debug_str     0x00000000000b0fa5      0x563 ./Core/Src/Ethernet/wizchip_conf.o
                                       0x72a1 (size before relaxing)
 .debug_str     0x00000000000b1508      0x2fe ./Core/Src/main.o
                                      0xb1198 (size before relaxing)
 .debug_str     0x00000000000b1806       0x53 ./Core/Src/stm32f4xx_hal_msp.o
                                      0xa9cc4 (size before relaxing)
 .debug_str     0x00000000000b1859       0xbd ./Core/Src/stm32f4xx_it.o
                                      0xa977e (size before relaxing)
 .debug_str     0x00000000000b1916     0x1754 ./Core/Src/syscalls.o
                                       0x8ed0 (size before relaxing)
 .debug_str     0x00000000000b306a       0x6b ./Core/Src/sysmem.o
                                       0x62a3 (size before relaxing)
 .debug_str     0x00000000000b30d5       0xaf ./Core/Src/system_stm32f4xx.o
                                      0xa986b (size before relaxing)
 .debug_str     0x00000000000b3184       0x36 ./Core/Startup/startup_stm32f412cgux.o
                                         0x74 (size before relaxing)
 .debug_str     0x00000000000b31ba      0xa15 ./Drivers/STM32F4xx_HAL_Driver/Src/stm32f4xx_hal.o
                                      0xaa31a (size before relaxing)
 .debug_str     0x00000000000b3bcf      0x399 ./Drivers/STM32F4xx_HAL_Driver/Src/stm32f4xx_hal_cortex.o
                                      0xaa100 (size before relaxing)
 .debug_str     0x00000000000b3f68      0x15f ./Drivers/STM32F4xx_HAL_Driver/Src/stm32f4xx_hal_gpio.o
                                      0xa9a18 (size before relaxing)
 .debug_str     0x00000000000b40c7      0x259 ./Drivers/STM32F4xx_HAL_Driver/Src/stm32f4xx_hal_rcc.o
                                      0xa9c72 (size before relaxing)
 .debug_str     0x00000000000b4320      0x235 ./Drivers/STM32F4xx_HAL_Driver/Src/stm32f4xx_hal_rcc_ex.o
                                      0xa9b9c (size before relaxing)
 .debug_str     0x00000000000b4555      0x57f ./Drivers/STM32F4xx_HAL_Driver/Src/stm32f4xx_hal_spi.o